11100.0    0.06707953749691166    0.030625878
11100.3    0.06913510033150659    0.032753282
11100.6    0.0713128705786522    0.035192708
11100.9    0.07362349753785506    0.038568527
11101.2    0.07607885531623253    0.037887745
11101.5    0.07869222001085582    0.04032717
11101.8    0.0814784770330461    0.044638721
11102.1    0.08445436510049559    0.047390167
11102.4    0.08763876472638334    0.049673913
11102.6    0.08988797405839846    0.053016421
11103.0    0.09472145120218424    0.055800847
11103.3    0.09867163655719711    0.058708635
11103.6    0.10293520972710765    0.063643896
11103.9    0.10754846928453038    0.065459611
11104.2    0.11255326726356675    0.073983441
11104.5    0.11799807043888531    0.075642815
11104.8    0.12393926558273927    0.084322655
11105.1    0.13044277440236762    0.088634206
11105.4    0.13758606385263394    0.10261873
11105.7    0.1454606645368102    0.11192261
11105.9    0.15116957168811554    0.11573315
11106.3    0.16386015108190338    0.13068639
11106.6    0.17467154348194092    0.14779112
11106.9    0.18679904451244286    0.16068291
11107.2    0.2004738201961087    0.17965977
11107.5    0.21597987770073757    0.19957235
11107.8    0.23366873563069543    0.22432126
11108.1    0.2539787215586561    0.25016258
11108.4    0.27746039084756785    0.28723598
11108.7    0.3048099135095653    0.32040978
11109.0    0.33691248417816533    0.36465999
11109.3    0.3748974622769506    0.42185906
11109.6    0.4202050358071309    0.47406612
11109.9    0.4746584219091305    0.54078149
11110.2    0.540521074349258    0.60843359
11110.5    0.6204857239415497    0.69745878
11110.8    0.7174770255245471    0.7855479
11111.1    0.8340411145408192    0.87816133
11111.4    0.9709669336590859    0.97810757
11111.7    1.1247562930852928    1.116276
11112.0    1.2842645326342317    1.2272987
11112.3    1.431334703928629    1.3453418
11112.6    1.5515316668713661    1.4543363
11112.9    1.6398660912400953    1.5689475
11113.2    1.6968897674099963    1.6663969
11113.5    1.7260149353696583    1.734049
11113.8    1.7320913416791885    1.7826679
11114.1    1.720316661728185    1.8052323
11114.4    1.6955330855721777    1.7981554
11114.7    1.661880196015884    1.7707965
11115.0    1.6226959738038835    1.7191007
11115.3    1.5805479419716717    1.6633486
11115.6    1.5373385923463598    1.6021354
11115.9    1.4944273324683524    1.5192375
11116.2    1.4527439178289172    1.4505362
11116.5    1.412898566895568    1.3576533
11116.8    1.3752654822335082    1.3221822
11117.1    1.3400574997140196    1.2438082
11117.4    1.3073802230784273    1.1983528
11117.7    1.2782172848996285    1.1638178
11118.0    1.2502533557730588    1.1288147
11118.3    1.2246380715150085    1.1133129
11118.6    1.2012893619210903    1.090323
11118.9    1.1794564259960985    1.076381
11119.2    1.1603638411407213    1.066652
11119.5    1.1418011157037589    1.0598868
11119.8    1.1264962768535716    1.0548377
11120.1    1.1111914380032917    1.0522851
11120.4    1.0987176432383579    1.0491078
11120.7    1.086704193868014    1.0481154
11121.0    1.0761409492194711    1.0463425
11121.3    1.0669331599613914    1.0469098
11121.6    1.057984525956987    1.0440452
11121.9    1.0511298151623878    1.0424284
11122.2    1.044275104367747    1.0493921
11122.5    1.038652981335138    1.0519875
11122.8    1.0337245380842763    1.0569231
11123.1    1.0289576755911531    1.0624828
11123.4    1.0255516594630023    1.071319
11123.7    1.022145643334831    1.0796868
11124.0    1.019325268260201    1.0854024
11124.3    1.0170700869951397    1.0959547
11124.5    1.0155666328184232    1.1028851
11124.9    1.0132569020235627    1.1095701
11125.2    1.011823734221761    1.1131013
11125.5    1.0104584058388613    1.1185053
11125.8    1.0095728394966514    1.120789
11126.1    1.0086872731544358    1.1196399
11126.4    1.0079131143755682    1.1194274
11126.7    1.0073589846767528    1.1164065
11127.0    1.0068048549779407    1.1127615
11127.3    1.0063246240597972    1.1025641
11127.6    1.005922898702145    1.0945508
11127.9    1.005521173344495    1.088254
11128.2    1.00511585790176    1.0811768
11128.5    1.0047078356699435    1.0705114
11128.8    1.0042998134381267    1.0629661
11129.1    1.003806297143077    1.0554212
11129.4    1.0032538322598417    1.0514639
11129.7    1.002701367376603    1.0432949
11130.0    1.002022143674189    1.0373098
11130.3    1.0012392672756372    1.0324167
11130.6    1.0004563908770807    1.0295521
11130.9    0.9995870716919257    1.0255948
11131.2    0.9986098952622352    1.0208581
11131.5    0.9976327188325507    1.0204893
11131.8    0.9966468130969804    1.0166883
11132.1    0.9956380254299944    1.0164759
11132.3    0.9949655003186764    1.0152938
11132.7    0.9936282542278561    1.0146463
11133.0    0.9927972440067528    1.0134975
11133.3    0.9919662337856496    1.0111006
11133.6    0.9911352235645414    1.0113559
11133.9    0.9905196600379895    1.0123916
11134.2    0.9899766218992521    1.014363
11134.5    0.9894335837605178    1.0124341
11134.8    0.9889765916149964    1.0175257
11135.1    0.9886548058203904    1.0149728
11135.4    0.9883330200257864    1.0169445
11135.7    0.9880112342311804    1.0192276
11136.0    0.9879370528146584    1.0179231
11136.3    0.9878715443376415    1.0198948
11136.6    0.9878060358606242    1.0168736
11136.9    0.9877829480865147    1.0205614
11137.2    0.9878058323424206    1.0201923
11137.5    0.9878287165983264    1.0191998
11137.7    0.9878439727689303    1.0217623
11138.1    0.9877491638470073    1.0198664
11138.4    0.9876373180554078    1.0224622
11138.7    0.9875254722638076    1.0186612
11139.0    0.9873085676400494    1.0182924
11139.2    0.9870130040831105    1.0167983
11139.6    0.9864218769692353    1.0161511
11139.9    0.9859785316338296    1.0140659
11140.2    0.9852195708391135    1.0118254
11140.5    0.9842832106361484    1.0092725
11140.7    0.9836589705008345    1.0094944
11141.1    0.9824104902302124    1.0052591
11141.4    0.9809128707642846    1.0003657
11141.7    0.9793528399505106    0.99734506
11142.0    0.9777928091367462    0.99432412
11142.2    0.9767527885942302    0.99033414
11142.6    0.9739118625600124    0.98687848
11142.9    0.9716577103901084    0.9821411
11143.2    0.9694035582201908    0.98083661
11143.5    0.9669878997308444    0.97469546
11143.8    0.9640282938982191    0.96761825
11144.1    0.9610686880655759    0.96646944
11144.4    0.9581090822329505    0.95923655
11144.7    0.9549584277753008    0.95574759
11145.0    0.9513581383922559    0.94555017
11145.2    0.9489579454702114    0.94374434
11145.6    0.9441575596261442    0.93935228
11145.9    0.9404094009537457    0.93414753
11146.2    0.9363226210042789    0.92925414
11146.5    0.9322358410548368    0.92233327
11146.7    0.9295113210885256    0.91834329
11147.1    0.9240008060486153    0.91301518
11147.4    0.9196643373828851    0.90609431
11147.7    0.9153278687171286    0.90151294
11148.0    0.9109914000513983    0.89677622
11148.2    0.908100420940894    0.89153816
11148.6    0.9023631708443112    0.885586
11148.9    0.8980664440292405    0.88069327
11149.2    0.8937697172141438    0.87938845
11149.5    0.8894729903990731    0.87262326
11149.8    0.8854668612273454    0.86851025
11150.1    0.8814792085080874    0.86174506
11150.4    0.8774915557888536    0.85888047
11150.7    0.8735039030695956    0.85305134
11151.0    0.8698906655795555    0.85127849
11151.3    0.8664440933218459    0.84560537
11151.6    0.8629975210641153    0.84476891
11151.9    0.8595509488064057    0.83971951
11152.2    0.8563853153759934    0.83591885
11152.5    0.8536776002123548    0.83414599
11152.8    0.8509698850487163    0.83315319
11153.1    0.8482621698850612    0.82685637
11153.4    0.8455588173357724    0.82648727
11153.7    0.8437250834000214    0.82377869
11154.0    0.8418913494642815    0.82278589
11154.3    0.8400576155285415    0.81992096
11154.6    0.8382238815927904    0.81892849
11154.8    0.8372214970430426    0.81712232
11155.2    0.8360365134820199    0.81787894
11155.5    0.8351477758112583    0.8178222
11155.8    0.8342590381404967    0.81823349
11156.1    0.8334296890823152    0.81552458
11156.4    0.8334687923108898    0.81515615
11156.7    0.8335078955394647    0.81665951
11157.0    0.8335469987680393    0.81769484
11157.3    0.8335861019966139    0.81779444
11157.6    0.8340610343435921    0.81867343
11157.9    0.83497482984212    0.82189324
11158.2    0.8358886253406536    0.8223042
11158.5    0.8368024208391815    0.82646007
11158.8    0.8377162163377094    0.82577962
11159.1    0.839327263366478    0.82728265
11159.4    0.8410433975094347    0.82909837
11159.7    0.8427595316524017    0.83138178
11160.0    0.8444756657953584    0.83382121
11160.3    0.8463150150168264    0.83766473
11160.6    0.8487301109734574    0.83994814
11160.9    0.8511452069300738    0.84223189
11161.2    0.8535603028867047    0.84576339
11161.5    0.8559753988433211    0.84742276
11161.8    0.8586400191537177    0.85126628
11162.1    0.8616491613239053    0.8546421
11162.4    0.8646583034940747    0.85676917
11162.7    0.8676674456642623    0.85842888
11163.0    0.8706765878344317    0.86289644
11163.3    0.8739665203407899    0.86627193
11163.6    0.8774434114983747    0.86949173
11163.9    0.8809203026559382    0.87411497
11164.2    0.8843971938135229    0.87780281
11164.5    0.8878740849710866    0.88071027
11164.8    0.8916072030383395    0.88439778
11165.1    0.8954414236732225    0.88902168
11165.4    0.8992756443080824    0.89395694
11165.6    0.9018317913980045    0.89495963
11166.0    0.9069440855778254    0.90024022
11166.3    0.9109640376751589    0.90533182
11166.6    0.9150393675946393    0.90839529
11166.9    0.9191146975140951    0.91551535
11167.0    0.9204731408205886    0.91305217
11168.4    0.9398562708171737    0.93254914
11170.0    0.9624065719964707    0.94930387
11171.5    0.983474770865507    0.96508957
11173.0    1.0040702290300487    0.9829034
11174.5    1.0238339836256365    0.99853309
11176.0    1.0424651022938562    1.0135387
11177.5    1.0597137289913257    1.0266723
11179.0    1.0753496792442476    1.0369976
11180.5    1.0891856690302126    1.0456068
11182.0    1.101055246331868    1.0514078
11183.5    1.1105624974348094    1.0567408
11185.0    1.117736111534702    1.0578616
11186.5    1.1226177093973546    1.0614785
11188.0    1.1252265454961128    1.059167
11189.5    1.1256369296422981    1.0566994
11191.0    1.1239640881452944    1.0520478
11192.4    1.1207212622622142    1.0486112
11194.0    1.1147660407383657    1.0410283
11195.5    1.107655731705187    1.0329444
11197.0    1.0994219906361693    1.0206483
11198.5    1.09031119860188    1.0100682
11200.0    1.0805469423294936    0.99902013
