11085.5275945328    0.016932143365
11085.7275945328    0.016657962929
11085.9275945328    0.016395517441
11086.1275945328    0.016152955821
11086.3275945328    0.015938746595
11086.5275945328    0.015761202507
11086.7275945328    0.015626004109
11086.9275945328    0.015535970445
11087.1275945328    0.015495351307
11087.3275945328    0.015505442256
11087.5275945328    0.015568015486
11087.7275945328    0.015686639675
11087.9275945328    0.015861563209
11088.1275945328    0.016096063918
11088.3275945328    0.016393115897
11088.5275945328    0.016756146841
11088.7275945328    0.017190734368
11088.9275945328    0.017703394714
11089.1275945328    0.018303015925
11089.3275945328    0.018999265086
11089.5275945328    0.019804517673
11089.7275945328    0.020735672049
11089.9275945328    0.021811826021
11090.1275945328    0.023060078541
11090.3275945328    0.024511063337
11090.5275945328    0.026204917797
11090.7275945328    0.028194470628
11090.9275945328    0.03054265526
11091.1275945328    0.033332648942
11091.3275945328    0.036673563664
11091.5275945328    0.040699456816
11091.7275945328    0.045581240182
11091.9275945328    0.051529106168
11092.1275945328    0.05878419416
11092.3275945328    0.067591325548
11092.5275945328    0.078120040252
11092.7275945328    0.090295779911
11092.9275945328    0.10351997142
11093.1275945328    0.11633670346
11093.3275945328    0.12638837305
11093.5275945328    0.1311092714
11093.7275945328    0.12913045573
11093.9275945328    0.12122606297
11094.1275945328    0.10977160445
11094.3275945328    0.097330120702
11094.5275945328    0.085666033214
11094.7275945328    0.075610877312
11094.9275945328    0.067358990414
11095.1275945328    0.060788178214
11095.3275945328    0.055660360468
11095.5275945328    0.051730503086
11095.7275945328    0.048779989052
11095.9275945328    0.046631418431
11096.1275945328    0.045146082037
11096.3275945328    0.044218889429
11096.5275945328    0.043770551569
11096.7275945328    0.043743815461
11096.9275945328    0.044099258433
11097.1275945328    0.044809142771
11097.3275945328    0.045862475562
11097.5275945328    0.047253738008
11097.7275945328    0.048988823488
11097.9275945328    0.051082609114
11098.1275945328    0.053558671831
11098.3275945328    0.056451396492
11098.5275945328    0.059805150827
11098.7275945328    0.063675641172
11098.9275945328    0.068135911282
11099.1275945328    0.073270758457
11099.3275945328    0.079200468094
11099.5275945328    0.08605920632
11099.7275945328    0.094015837949
11099.9275945328    0.10329455154
11100.1275945328    0.11416349271
11100.3275945328    0.12697368693
11100.5275945328    0.1421647964
11100.7275945328    0.16029649587
11100.9275945328    0.18208920592
11101.1275945328    0.20847485368
11101.3275945328    0.24061490501
11101.5275945328    0.2799558726
11101.7275945328    0.32817920501
11101.9275945328    0.38718080995
11102.1275945328    0.45841645119
11102.3275945328    0.54208616158
11102.5275945328    0.63540609145
11102.7275945328    0.72990732728
11102.9275945328    0.81061767162
11103.1275945328    0.85799709474
11103.3275945328    0.8554151471
11103.5275945328    0.81938812947
11103.7275945328    0.75392840248
11103.9275945328    0.67649884327
11104.1275945328    0.60125663176
11104.3275945328    0.53484103873
11104.5275945328    0.47826650705
11104.7275945328    0.43013604247
11104.9275945328    0.38649435869
11105.1275945328    0.34677936913
11105.3275945328    0.31195794182
11105.5275945328    0.28135570328
11105.7275945328    0.25485444935
11105.9275945328    0.23228658565
11106.1275945328    0.21343540553
11106.3275945328    0.19795060004
11106.5275945328    0.18548913358
11106.7275945328    0.17559710037
11106.9275945328    0.16787537804
11107.1275945328    0.16202884852
11107.3275945328    0.15763375704
11107.5275945328    0.1544349504
11107.7275945328    0.1522354799
11107.9275945328    0.15087446569
11108.1275945328    0.15023436272
11108.3275945328    0.15023214775
11108.5275945328    0.15077915575
11108.7275945328    0.15181057995
11108.9275945328    0.15322424129
11109.1275945328    0.15489342343
11109.3275945328    0.15663278673
11109.5275945328    0.15819454383
11109.7275945328    0.1592712217
11109.9275945328    0.15940331966
11110.1275945328    0.15809384925
11110.3275945328    0.15481478249
11110.5275945328    0.1491004317
11110.7275945328    0.14082892029
11110.9626573128    0.12777910122
11111.1275945328    0.11762773825
11111.3275945328    0.10513702714
11111.5275945328    0.093382159113
11111.7275945328    0.082920783197
11111.9275945328    0.073925127475
11112.1275945328    0.066327069008
11112.3275945328    0.059951325414
11112.5275945328    0.054598085377
11112.7275945328    0.050082047878
11112.9275945328    0.046245833061
11113.1275945328    0.042961253977
11113.3275945328    0.040125913616
11113.5275945328    0.037658622257
11113.7275945328    0.035495048374
11113.9275945328    0.033584054614
11114.1275945328    0.031884771428
11114.3275945328    0.030364318927
11114.5275945328    0.028996053899
11114.7275945328    0.027758226152
11114.9275945328    0.026632948015
11115.1275945328    0.025605401417
11115.3275945328    0.024663224789
11115.5275945328    0.023796036258
