11101.9268991009    0.058143919229
11103.4950886009    0.070840476479
11104.9139266009    0.087378883748
11106.1834132809    0.10916629861
11107.3035485909    0.13814867279
11108.2743325209    0.17693019733
11109.0957650809    0.22864089731
11109.7678462609    0.29568167404
11110.2905760709    0.37542471155
11110.3915622509    0.39474461648
11110.9626572509    0.53323383009
11111.5337522509    0.7137577447
11112.1048472509    0.93375519605
11112.6759422509    1.2040086329
11113.2470372509    1.5266351965
11113.8181322509    1.8747479231
11114.3892272509    2.1842585718
11114.9603222519    2.3794874779
11115.1631646459    2.4126730718
11115.7419012201    2.4063592949
11116.3579756379    2.2852557394
11117.0113879009    2.104676376
11117.7021380009    1.9159749073
11118.4302259509    1.7485471046
11119.1956517409    1.6130221619
11119.9984153809    1.5096848956
11120.8385168609    1.4345135352
11121.7159561809    1.38217769
11122.6307333409    1.3469257527
11123.5828483509    1.322992176
11124.5723012109    1.3051000306
11125.5990919009    1.2892600315
11126.6632204009    1.273456738
11127.7646868009    1.2574076656
11128.9034911009    1.242493265
11130.0796331009    1.2355115371
11131.2931130009    1.2380789405
11132.5439308009    1.2370742835
11133.8320864009    1.2289157049
11135.1575798009    1.212974668
11136.5204111009    1.193422545
11137.9205803009    1.1697512539
11139.3580872009    1.1426911578
11140.8329320009    1.1094133048
11142.3451147009    1.0692008817
11143.8946352009    1.0246997388
11145.4814936009    0.97759270094
11147.1056898009    0.9316185975
11148.7672238009    0.89287340115
11150.4660957009    0.86496155852
11152.2023054009    0.84847685142
11153.9758530009    0.84442218948
11155.7867384009    0.85212538361
11157.6349616009    0.86991206454
11159.5205227009    0.89592018795
11161.4434217009    0.92689256526
11163.4036584009    0.96145497748
11165.4012331009    0.99829491794
11167.4361455009    1.0354200226
11169.5083959009    1.0720253672
11171.6179840009    1.1069085866
11173.7649100009    1.1385906419
11175.9491739009    1.1661355488
11178.1707755009    1.1894080822
11180.4297151009    1.2078476752
11182.7259925009    1.2201420481
11185.0596077009    1.2259237254
11187.4305607009    1.224877861
11189.8388516009    1.2171793522
11192.2844804009    1.2030575769
11194.7674470009    1.1843732163
11197.2877514009    1.1630898735
11199.8453937009    1.1408840224
11202.4403738009    1.1187235908
11205.0726918009    1.0971221029
11207.7423476009    1.0769373091
11210.4493413009    1.0589700208
11213.1936727009    1.0447129706
11215.9753420009    1.0357621686
11218.7943490009    1.0335197546
11221.6506940009    1.0383245679
11224.5443770009    1.0491927695
11227.4753980009    1.0645374953
11230.4437560009    1.082029623
11233.4494530009    1.1001881218
11236.4924870009    1.1177448303
11239.5728590009    1.133646582
11242.6905690009    1.1469708779
