\BOOKMARK [1][-]{section.1}{\376\377\000I\000n\000t\000r\000o\000d\000u\000c\000t\000i\000o\000n}{}% 1
\BOOKMARK [1][-]{section.2}{\376\377\000D\000o\000w\000n\000l\000o\000a\000d\000\040\000a\000n\000d\000\040\000I\000n\000s\000t\000a\000l\000l\000a\000t\000i\000o\000n}{}% 2
\BOOKMARK [2][-]{subsection.2.1}{\376\377\000G\000e\000t\000t\000i\000n\000g\000\040\000C\000o\000r\000v\000u\000s}{section.2}% 3
\BOOKMARK [2][-]{subsection.2.2}{\376\377\000I\000n\000s\000t\000a\000l\000l\000a\000t\000i\000o\000n}{section.2}% 4
\BOOKMARK [3][-]{subsubsection.2.2.1}{\376\377\000S\000i\000m\000p\000l\000e\000\040\000I\000n\000s\000t\000a\000l\000l\000a\000t\000i\000o\000n\000\040\000u\000s\000i\000n\000g\000\040\000i\000n\000s\000t\000a\000l\000l\000\040\000s\000c\000r\000i\000p\000t}{subsection.2.2}% 5
\BOOKMARK [3][-]{subsubsection.2.2.2}{\376\377\000S\000t\000e\000p\000-\000b\000y\000-\000s\000t\000e\000p\000\040\000i\000n\000s\000t\000r\000u\000c\000t\000i\000o\000n\000s\000\040\000w\000i\000t\000h\000\040\000c\000o\000n\000d\000a}{subsection.2.2}% 6
\BOOKMARK [1][-]{section.3}{\376\377\000R\000u\000n\000n\000i\000n\000g\000\040\000C\000o\000r\000v\000u\000s}{}% 7
\BOOKMARK [1][-]{section.4}{\376\377\000T\000h\000e\000\040\000C\000o\000r\000v\000u\000s\000\040\000i\000n\000p\000u\000t\000\040\000f\000i\000l\000e}{}% 8
\BOOKMARK [1][-]{section.5}{\376\377\000T\000h\000e\000\040\000m\000i\000n\000i\000m\000a\000l\000\040\000i\000n\000p\000u\000t\000,\000\040\000a\000n\000d\000\040\000m\000o\000s\000t\000\040\000i\000m\000p\000o\000r\000t\000a\000n\000t\000\040\000k\000e\000y\000w\000o\000r\000d\000s}{}% 9
\BOOKMARK [1][-]{section.6}{\376\377\000T\000h\000e\000\040\000c\000o\000r\000v\000u\000s\000\040\000G\000U\000I\000\040\000\050\000S\000c\000i\000G\000U\000I\000\051}{}% 10
\BOOKMARK [2][-]{subsection.6.1}{\376\377\000G\000e\000n\000e\000r\000a\000l\000\040\000U\000s\000e}{section.6}% 11
\BOOKMARK [2][-]{subsection.6.2}{\376\377\000T\000h\000e\000\040\000c\000o\000n\000t\000r\000o\000l\000s\000\040\000a\000n\000d\000\040\000f\000i\000l\000t\000e\000r\000\040\000p\000a\000n\000e\000l\000\040\000\050\000t\000o\000p\000\040\000p\000a\000n\000e\000l\000\051}{section.6}% 12
\BOOKMARK [2][-]{subsection.6.3}{\376\377\000T\000h\000e\000\040\000Q\000u\000i\000c\000k\000\040\000S\000t\000a\000r\000t\000\040\000M\000e\000n\000u}{section.6}% 13
\BOOKMARK [2][-]{subsection.6.4}{\376\377\000V\000a\000l\000i\000d\000a\000t\000i\000o\000n}{section.6}% 14
\BOOKMARK [1][-]{section.7}{\376\377\000O\000u\000t\000p\000u\000t\000\040\000d\000i\000r\000e\000c\000t\000o\000r\000y\000\040\000s\000t\000r\000u\000c\000t\000u\000r\000e\000\040\000a\000n\000d\000\040\000o\000u\000t\000p\000u\000t\000\040\000f\000i\000l\000e\000s}{}% 15
\BOOKMARK [1][-]{section.8}{\376\377\000K\000e\000y\000w\000o\000r\000d\000\040\000I\000n\000d\000e\000x\000\040\000b\000y\000\040\000S\000e\000c\000t\000i\000o\000n}{}% 16
\BOOKMARK [1][-]{section.9}{\376\377\000A\000l\000p\000h\000a\000b\000e\000t\000i\000c\000a\000l\000\040\000K\000e\000y\000w\000o\000r\000d\000\040\000I\000n\000d\000e\000x}{}% 17
\BOOKMARK [1][-]{section.10}{\376\377\000C\000o\000r\000v\000u\000s\000\040\000C\000o\000n\000t\000r\000o\000l\000s}{}% 18
\BOOKMARK [2][-]{subsection.10.1}{\376\377\000m\000u\000l\000t\000i\000p\000r\000o\000c\000e\000s\000s\000i\000n\000g\000\137\000l\000e\000v\000e\000l}{section.10}% 19
\BOOKMARK [2][-]{subsection.10.2}{\376\377\000m\000u\000l\000t\000i\000p\000r\000o\000c\000e\000s\000s\000i\000n\000g\000\137\000n\000c\000p\000u}{section.10}% 20
\BOOKMARK [2][-]{subsection.10.3}{\376\377\000s\000c\000r\000a\000t\000c\000h}{section.10}% 21
\BOOKMARK [2][-]{subsection.10.4}{\376\377\000t\000a\000r\000g\000e\000t\000\137\000l\000i\000s\000t}{section.10}% 22
\BOOKMARK [2][-]{subsection.10.5}{\376\377\000t\000i\000t\000l\000e}{section.10}% 23
\BOOKMARK [2][-]{subsection.10.6}{\376\377\000u\000s\000e\000h\000a\000n\000d\000l\000e\000r\000s}{section.10}% 24
\BOOKMARK [2][-]{subsection.10.7}{\376\377\000u\000s\000e\000s\000a\000v\000e\000d}{section.10}% 25
\BOOKMARK [2][-]{subsection.10.8}{\376\377\000w\000r\000i\000t\000e\000\137\000i\000n\000p\000u\000t\000\137\000o\000n\000l\000y}{section.10}% 26
\BOOKMARK [1][-]{section.11}{\376\377\000G\000e\000n\000e\000r\000a\000l\000\040\000M\000e\000t\000h\000o\000d\000o\000l\000o\000g\000y}{}% 27
\BOOKMARK [2][-]{subsection.11.1}{\376\377\000c\000l\000u\000s\000t\000e\000r\000r\000a\000d\000i\000u\000s}{section.11}% 28
\BOOKMARK [2][-]{subsection.11.2}{\376\377\000c\000o\000n\000s\000t\000a\000n\000t\000\137\000v\000o\000l\000u\000m\000e}{section.11}% 29
\BOOKMARK [2][-]{subsection.11.3}{\376\377\000k\000e\000e\000p\000\137\000s\000y\000m\000m}{section.11}% 30
\BOOKMARK [2][-]{subsection.11.4}{\376\377\000m\000e\000t\000h\000o\000d}{section.11}% 31
\BOOKMARK [2][-]{subsection.11.5}{\376\377\000m\000o\000l\000e\000c\000u\000l\000e\000\137\000v\000a\000c\000u\000u\000m\000\137\000m\000a\000r\000g\000i\000n}{section.11}% 32
\BOOKMARK [2][-]{subsection.11.6}{\376\377\000m\000t\000\137\000o\000v\000e\000r\000l\000a\000p}{section.11}% 33
\BOOKMARK [2][-]{subsection.11.7}{\376\377\000n\000k\000p\000o\000i\000n\000t\000s}{section.11}% 34
\BOOKMARK [2][-]{subsection.11.8}{\376\377\000n\000q\000p\000o\000i\000n\000t\000s}{section.11}% 35
\BOOKMARK [2][-]{subsection.11.9}{\376\377\000p\000s\000p\000f\000i\000l\000e\000s}{section.11}% 36
\BOOKMARK [2][-]{subsection.11.10}{\376\377\000p\000w\000\137\000e\000n\000c\000u\000t}{section.11}% 37
\BOOKMARK [2][-]{subsection.11.11}{\376\377\000s\000c\000f\000\137\000c\000o\000n\000v}{section.11}% 38
\BOOKMARK [2][-]{subsection.11.12}{\376\377\000x\000c}{section.11}% 39
\BOOKMARK [1][-]{section.12}{\376\377\000P\000h\000y\000s\000i\000c\000a\000l\000\040\000P\000r\000o\000p\000e\000r\000t\000i\000e\000s}{}% 40
\BOOKMARK [2][-]{subsection.12.1}{\376\377\000a\000b\000s\000o\000r\000b\000i\000n\000g\000\137\000a\000t\000o\000m}{section.12}% 41
\BOOKMARK [2][-]{subsection.12.2}{\376\377\000a\000b\000s\000o\000r\000b\000i\000n\000g\000\137\000a\000t\000o\000m\000\137\000b\000y\000\137\000l\000a\000b\000e\000l}{section.12}% 42
\BOOKMARK [2][-]{subsection.12.3}{\376\377\000a\000b\000s\000o\000r\000b\000i\000n\000g\000\137\000a\000t\000o\000m\000\137\000t\000y\000p\000e}{section.12}% 43
\BOOKMARK [2][-]{subsection.12.4}{\376\377\000a\000t\000o\000m\000i\000c\000\137\000c\000h\000a\000r\000g\000e}{section.12}% 44
\BOOKMARK [2][-]{subsection.12.5}{\376\377\000c\000e\000l\000l\000\137\000a\000n\000g\000l\000e\000s\000\137\000a\000b\000c}{section.12}% 45
\BOOKMARK [2][-]{subsection.12.6}{\376\377\000c\000e\000l\000l\000\137\000s\000c\000a\000l\000i\000n\000g\000\137\000a\000b\000c}{section.12}% 46
\BOOKMARK [2][-]{subsection.12.7}{\376\377\000c\000e\000l\000l\000\137\000s\000c\000a\000l\000i\000n\000g\000\137\000i\000s\000o}{section.12}% 47
\BOOKMARK [2][-]{subsection.12.8}{\376\377\000c\000e\000l\000l\000\137\000s\000t\000r\000u\000c\000\137\000o\000p\000t\000\137\000f\000l\000a\000g\000s}{section.12}% 48
\BOOKMARK [2][-]{subsection.12.9}{\376\377\000c\000e\000l\000l\000\137\000s\000t\000r\000u\000c\000\137\000x\000y\000z\000\137\000r\000e\000d}{section.12}% 49
\BOOKMARK [2][-]{subsection.12.10}{\376\377\000c\000e\000l\000l\000\137\000v\000e\000c\000t\000o\000r\000s}{section.12}% 50
\BOOKMARK [2][-]{subsection.12.11}{\376\377\000c\000h\000a\000r\000g\000e}{section.12}% 51
\BOOKMARK [2][-]{subsection.12.12}{\376\377\000c\000i\000f\000\137\000i\000n\000p\000u\000t}{section.12}% 52
\BOOKMARK [2][-]{subsection.12.13}{\376\377\000c\000l\000u\000s\000t\000e\000r}{section.12}% 53
\BOOKMARK [2][-]{subsection.12.14}{\376\377\000f\000e\000r\000m\000i\000\137\000s\000h\000i\000f\000t}{section.12}% 54
\BOOKMARK [2][-]{subsection.12.15}{\376\377\000i\000s\000m\000e\000t\000a\000l}{section.12}% 55
\BOOKMARK [2][-]{subsection.12.16}{\376\377\000m\000u\000l\000t\000i\000p\000l\000i\000c\000i\000t\000y}{section.12}% 56
\BOOKMARK [2][-]{subsection.12.17}{\376\377\000n\000u\000m\000b\000e\000r\000\137\000o\000f\000\137\000a\000t\000o\000m\000s}{section.12}% 57
\BOOKMARK [2][-]{subsection.12.18}{\376\377\000p\000o\000l\000a\000r\000i\000z\000a\000t\000i\000o\000n}{section.12}% 58
\BOOKMARK [2][-]{subsection.12.19}{\376\377\000s\000p\000e\000c\000i\000e\000s}{section.12}% 59
\BOOKMARK [2][-]{subsection.12.20}{\376\377\000s\000p\000e\000c\000t\000r\000a\000l\000\137\000b\000r\000o\000a\000d\000e\000n\000i\000n\000g}{section.12}% 60
\BOOKMARK [2][-]{subsection.12.21}{\376\377\000s\000p\000i\000n\000\137\000m\000o\000m\000e\000n\000t}{section.12}% 61
\BOOKMARK [2][-]{subsection.12.22}{\376\377\000s\000u\000p\000e\000r\000c\000e\000l\000l\000\137\000d\000i\000m\000e\000n\000s\000i\000o\000n\000s}{section.12}% 62
\BOOKMARK [2][-]{subsection.12.23}{\376\377\000v\000a\000s\000p\000\137\000o\000u\000t\000c\000a\000r}{section.12}% 63
\BOOKMARK [2][-]{subsection.12.24}{\376\377\000v\000a\000s\000p\000\137\000s\000n\000a\000p\000s\000h\000o\000t}{section.12}% 64
\BOOKMARK [2][-]{subsection.12.25}{\376\377\000v\000a\000s\000p\000\137\000x\000d\000a\000t\000c\000a\000r}{section.12}% 65
\BOOKMARK [2][-]{subsection.12.26}{\376\377\000v\000a\000s\000p\000\137\000x\000m\000l}{section.12}% 66
\BOOKMARK [2][-]{subsection.12.27}{\376\377\000x\000y\000z\000\137\000i\000n\000p\000u\000t}{section.12}% 67
\BOOKMARK [2][-]{subsection.12.28}{\376\377\000x\000y\000z\000\137\000s\000n\000a\000p\000s\000h\000o\000t}{section.12}% 68
\BOOKMARK [1][-]{section.13}{\376\377\000A\000b\000i\000n\000i\000t}{}% 69
\BOOKMARK [2][-]{subsection.13.1}{\376\377\000a\000b\000i\000n\000i\000t\000.\000n\000g\0002\000q\000p\000t}{section.13}% 70
\BOOKMARK [2][-]{subsection.13.2}{\376\377\000a\000b\000i\000n\000i\000t\000.\000n\000g\000q\000p\000t}{section.13}% 71
\BOOKMARK [2][-]{subsection.13.3}{\376\377\000a\000b\000i\000n\000i\000t\000.\000v\000e\000r\000b\000a\000t\000i\000m}{section.13}% 72
\BOOKMARK [1][-]{section.14}{\376\377\000D\000M\000D\000W}{}% 73
\BOOKMARK [2][-]{subsection.14.1}{\376\377\000d\000m\000d\000w\000.\000i\000o\000f\000l\000a\000g}{section.14}% 74
\BOOKMARK [2][-]{subsection.14.2}{\376\377\000d\000m\000d\000w\000.\000n\000l\000a\000n\000c}{section.14}% 75
\BOOKMARK [2][-]{subsection.14.3}{\376\377\000d\000m\000d\000w\000.\000p\000a\000t\000h\000s}{section.14}% 76
\BOOKMARK [2][-]{subsection.14.4}{\376\377\000d\000m\000d\000w\000.\000t\000e\000m\000p\000g\000r\000i\000d}{section.14}% 77
\BOOKMARK [1][-]{section.15}{\376\377\000N\000W\000C\000h\000e\000m}{}% 78
\BOOKMARK [2][-]{subsection.15.1}{\376\377\000n\000w\000c\000h\000e\000m\000.\000b\000a\000s\000i\000s}{section.15}% 79
\BOOKMARK [2][-]{subsection.15.2}{\376\377\000n\000w\000c\000h\000e\000m\000.\000c\000h\000a\000r\000g\000e}{section.15}% 80
\BOOKMARK [2][-]{subsection.15.3}{\376\377\000n\000w\000c\000h\000e\000m\000.\000i\000t\000e\000r}{section.15}% 81
\BOOKMARK [2][-]{subsection.15.4}{\376\377\000n\000w\000c\000h\000e\000m\000.\000m\000u\000l\000t}{section.15}% 82
\BOOKMARK [2][-]{subsection.15.5}{\376\377\000n\000w\000c\000h\000e\000m\000.\000q\000m\000d\000.\000d\000t\000\137\000n\000u\000c\000l}{section.15}% 83
\BOOKMARK [2][-]{subsection.15.6}{\376\377\000n\000w\000c\000h\000e\000m\000.\000q\000m\000d\000.\000n\000s\000t\000e\000p\000\137\000n\000u\000c\000l}{section.15}% 84
\BOOKMARK [2][-]{subsection.15.7}{\376\377\000n\000w\000c\000h\000e\000m\000.\000q\000m\000d\000.\000p\000r\000i\000n\000t\000\137\000x\000y\000z}{section.15}% 85
\BOOKMARK [2][-]{subsection.15.8}{\376\377\000n\000w\000c\000h\000e\000m\000.\000q\000m\000d\000.\000s\000n\000a\000p\000s\000t\000e\000p}{section.15}% 86
\BOOKMARK [2][-]{subsection.15.9}{\376\377\000n\000w\000c\000h\000e\000m\000.\000q\000m\000d\000.\000t\000a\000r\000g\000\137\000t\000e\000m\000p}{section.15}% 87
\BOOKMARK [2][-]{subsection.15.10}{\376\377\000n\000w\000c\000h\000e\000m\000.\000q\000m\000d\000.\000t\000h\000e\000r\000m\000o\000s\000t\000a\000t}{section.15}% 88
\BOOKMARK [2][-]{subsection.15.11}{\376\377\000n\000w\000c\000h\000e\000m\000.\000x\000a\000s\000.\000a\000l\000p\000h\000a}{section.15}% 89
\BOOKMARK [2][-]{subsection.15.12}{\376\377\000n\000w\000c\000h\000e\000m\000.\000x\000a\000s\000.\000n\000r\000o\000o\000t\000s}{section.15}% 90
\BOOKMARK [2][-]{subsection.15.13}{\376\377\000n\000w\000c\000h\000e\000m\000.\000x\000a\000s\000.\000v\000e\000c}{section.15}% 91
\BOOKMARK [2][-]{subsection.15.14}{\376\377\000n\000w\000c\000h\000e\000m\000.\000x\000a\000s\000.\000x\000r\000a\000y\000e\000n\000e\000r\000g\000y\000w\000i\000n}{section.15}% 92
\BOOKMARK [2][-]{subsection.15.15}{\376\377\000n\000w\000c\000h\000e\000m\000.\000x\000a\000s\000e\000l\000e\000m}{section.15}% 93
\BOOKMARK [2][-]{subsection.15.16}{\376\377\000n\000w\000c\000h\000e\000m\000.\000x\000c}{section.15}% 94
\BOOKMARK [1][-]{section.16}{\376\377\000F\000E\000F\000F}{}% 95
\BOOKMARK [2][-]{subsection.16.1}{\376\377\000d\000e\000b\000y\000e\000t\000e\000m\000p}{section.16}% 96
\BOOKMARK [2][-]{subsection.16.2}{\376\377\000d\000m\000d\000w\000\137\000n\000l\000a\000n\000c\000z\000o\000s}{section.16}% 97
\BOOKMARK [2][-]{subsection.16.3}{\376\377\000f\000e\000f\000f\000.\000a\000b\000s\000o\000l\000u\000t\000e}{section.16}% 98
\BOOKMARK [2][-]{subsection.16.4}{\376\377\000f\000e\000f\000f\000.\000a\000f\000o\000l\000p}{section.16}% 99
\BOOKMARK [2][-]{subsection.16.5}{\376\377\000f\000e\000f\000f\000.\000a\000t\000o\000m\000s}{section.16}% 100
\BOOKMARK [2][-]{subsection.16.6}{\376\377\000f\000e\000f\000f\000.\000c\000f\000a\000v\000e\000r\000a\000g\000e}{section.16}% 101
\BOOKMARK [2][-]{subsection.16.7}{\376\377\000f\000e\000f\000f\000.\000c\000g\000r\000i\000d}{section.16}% 102
\BOOKMARK [2][-]{subsection.16.8}{\376\377\000f\000e\000f\000f\000.\000c\000h\000b\000r\000o\000a\000d}{section.16}% 103
\BOOKMARK [2][-]{subsection.16.9}{\376\377\000f\000e\000f\000f\000.\000c\000h\000s\000h}{section.16}% 104
\BOOKMARK [2][-]{subsection.16.10}{\376\377\000f\000e\000f\000f\000.\000c\000h\000w\000i\000d\000t\000h}{section.16}% 105
\BOOKMARK [2][-]{subsection.16.11}{\376\377\000f\000e\000f\000f\000.\000c\000i\000f}{section.16}% 106
\BOOKMARK [2][-]{subsection.16.12}{\376\377\000f\000e\000f\000f\000.\000c\000o\000m\000p\000t\000o\000n}{section.16}% 107
\BOOKMARK [2][-]{subsection.16.13}{\376\377\000f\000e\000f\000f\000.\000c\000o\000n\000f\000i\000g}{section.16}% 108
\BOOKMARK [2][-]{subsection.16.14}{\376\377\000f\000e\000f\000f\000.\000c\000o\000n\000t\000r\000o\000l}{section.16}% 109
\BOOKMARK [2][-]{subsection.16.15}{\376\377\000f\000e\000f\000f\000.\000c\000o\000o\000r\000d\000i\000n\000a\000t\000e\000s}{section.16}% 110
\BOOKMARK [2][-]{subsection.16.16}{\376\377\000f\000e\000f\000f\000.\000c\000o\000r\000e\000h\000o\000l\000e}{section.16}% 111
\BOOKMARK [2][-]{subsection.16.17}{\376\377\000f\000e\000f\000f\000.\000c\000o\000r\000r\000e\000c\000t\000i\000o\000n\000s}{section.16}% 112
\BOOKMARK [2][-]{subsection.16.18}{\376\377\000f\000e\000f\000f\000.\000c\000o\000r\000v\000a\000l}{section.16}% 113
\BOOKMARK [2][-]{subsection.16.19}{\376\377\000f\000e\000f\000f\000.\000c\000r\000i\000t\000e\000r\000i\000a}{section.16}% 114
\BOOKMARK [2][-]{subsection.16.20}{\376\377\000f\000e\000f\000f\000.\000c\000r\000p\000a}{section.16}% 115
\BOOKMARK [2][-]{subsection.16.21}{\376\377\000f\000e\000f\000f\000.\000d\000a\000n\000e\000s}{section.16}% 116
\BOOKMARK [2][-]{subsection.16.22}{\376\377\000f\000e\000f\000f\000.\000d\000e\000b\000y\000e}{section.16}% 117
\BOOKMARK [2][-]{subsection.16.23}{\376\377\000f\000e\000f\000f\000.\000d\000e\000n\000s\000i\000t\000y}{section.16}% 118
\BOOKMARK [2][-]{subsection.16.24}{\376\377\000f\000e\000f\000f\000.\000d\000i\000m\000s}{section.16}% 119
\BOOKMARK [2][-]{subsection.16.25}{\376\377\000f\000e\000f\000f\000.\000d\000m\000d\000w}{section.16}% 120
\BOOKMARK [2][-]{subsection.16.26}{\376\377\000f\000e\000f\000f\000.\000e\000d\000g\000e}{section.16}% 121
\BOOKMARK [2][-]{subsection.16.27}{\376\377\000f\000e\000f\000f\000.\000e\000g\000a\000p\000s\000e}{section.16}% 122
\BOOKMARK [2][-]{subsection.16.28}{\376\377\000f\000e\000f\000f\000.\000e\000g\000r\000i\000d}{section.16}% 123
\BOOKMARK [2][-]{subsection.16.29}{\376\377\000f\000e\000f\000f\000.\000e\000l\000l\000i\000p\000t\000i\000c\000i\000t\000y}{section.16}% 124
\BOOKMARK [2][-]{subsection.16.30}{\376\377\000f\000e\000f\000f\000.\000e\000l\000n\000e\000s}{section.16}% 125
\BOOKMARK [2][-]{subsection.16.31}{\376\377\000f\000e\000f\000f\000.\000e\000p\000s\0000}{section.16}% 126
\BOOKMARK [2][-]{subsection.16.32}{\376\377\000f\000e\000f\000f\000.\000e\000q\000u\000i\000v\000a\000l\000e\000n\000c\000e}{section.16}% 127
\BOOKMARK [2][-]{subsection.16.33}{\376\377\000f\000e\000f\000f\000.\000e\000q\000u\000i\000v\000a\000l\000e\000n\000c\000e\000\137\000n\000m\000a\000x}{section.16}% 128
\BOOKMARK [2][-]{subsection.16.34}{\376\377\000f\000e\000f\000f\000.\000e\000x\000a\000f\000s}{section.16}% 129
\BOOKMARK [2][-]{subsection.16.35}{\376\377\000f\000e\000f\000f\000.\000e\000x\000c\000h\000a\000n\000g\000e}{section.16}% 130
\BOOKMARK [2][-]{subsection.16.36}{\376\377\000f\000e\000f\000f\000.\000e\000x\000e\000l\000f\000s}{section.16}% 131
\BOOKMARK [2][-]{subsection.16.37}{\376\377\000f\000e\000f\000f\000.\000e\000x\000t\000p\000o\000t}{section.16}% 132
\BOOKMARK [2][-]{subsection.16.38}{\376\377\000f\000e\000f\000f\000.\000f\000m\000s}{section.16}% 133
\BOOKMARK [2][-]{subsection.16.39}{\376\377\000f\000e\000f\000f\000.\000f\000o\000l\000p}{section.16}% 134
\BOOKMARK [2][-]{subsection.16.40}{\376\377\000f\000e\000f\000f\000.\000f\000p\000r\000i\000m\000e}{section.16}% 135
\BOOKMARK [2][-]{subsection.16.41}{\376\377\000f\000e\000f\000f\000.\000h\000o\000l\000e}{section.16}% 136
\BOOKMARK [2][-]{subsection.16.42}{\376\377\000f\000e\000f\000f\000.\000h\000u\000b\000b\000a\000r\000d}{section.16}% 137
\BOOKMARK [2][-]{subsection.16.43}{\376\377\000f\000e\000f\000f\000.\000i\000n\000t\000e\000r\000s\000t\000i\000t\000i\000a\000l}{section.16}% 138
\BOOKMARK [2][-]{subsection.16.44}{\376\377\000f\000e\000f\000f\000.\000i\000o\000n}{section.16}% 139
\BOOKMARK [2][-]{subsection.16.45}{\376\377\000f\000e\000f\000f\000.\000i\000o\000r\000d\000e\000r}{section.16}% 140
\BOOKMARK [2][-]{subsection.16.46}{\376\377\000f\000e\000f\000f\000.\000j\000u\000m\000p\000r\000m}{section.16}% 141
\BOOKMARK [2][-]{subsection.16.47}{\376\377\000f\000e\000f\000f\000.\000k\000m\000e\000s\000h}{section.16}% 142
\BOOKMARK [2][-]{subsection.16.48}{\376\377\000f\000e\000f\000f\000.\000l\000a\000t\000t\000i\000c\000e}{section.16}% 143
\BOOKMARK [2][-]{subsection.16.49}{\376\377\000f\000e\000f\000f\000.\000l\000d\000e\000c}{section.16}% 144
\BOOKMARK [2][-]{subsection.16.50}{\376\377\000f\000e\000f\000f\000.\000l\000d\000o\000s}{section.16}% 145
\BOOKMARK [2][-]{subsection.16.51}{\376\377\000f\000e\000f\000f\000.\000l\000f\000m\000s\0001}{section.16}% 146
\BOOKMARK [2][-]{subsection.16.52}{\376\377\000f\000e\000f\000f\000.\000l\000f\000m\000s\0002}{section.16}% 147
\BOOKMARK [2][-]{subsection.16.53}{\376\377\000f\000e\000f\000f\000.\000l\000j\000m\000a\000x}{section.16}% 148
\BOOKMARK [2][-]{subsection.16.54}{\376\377\000f\000e\000f\000f\000.\000m\000a\000g\000i\000c}{section.16}% 149
\BOOKMARK [2][-]{subsection.16.55}{\376\377\000f\000e\000f\000f\000.\000m\000b\000c\000o\000n\000v}{section.16}% 150
\BOOKMARK [2][-]{subsection.16.56}{\376\377\000f\000e\000f\000f\000.\000m\000p\000s\000e}{section.16}% 151
\BOOKMARK [2][-]{subsection.16.57}{\376\377\000f\000e\000f\000f\000.\000m\000u\000l\000t\000i\000p\000o\000l\000e}{section.16}% 152
\BOOKMARK [2][-]{subsection.16.58}{\376\377\000f\000e\000f\000f\000.\000n\000l\000e\000g}{section.16}% 153
\BOOKMARK [2][-]{subsection.16.59}{\376\377\000f\000e\000f\000f\000.\000n\000o\000h\000o\000l\000e}{section.16}% 154
\BOOKMARK [2][-]{subsection.16.60}{\376\377\000f\000e\000f\000f\000.\000n\000r\000i\000x\000s}{section.16}% 155
\BOOKMARK [2][-]{subsection.16.61}{\376\377\000f\000e\000f\000f\000.\000n\000s\000t\000a\000r}{section.16}% 156
\BOOKMARK [2][-]{subsection.16.62}{\376\377\000f\000e\000f\000f\000.\000n\000u\000m\000d\000e\000n\000s}{section.16}% 157
\BOOKMARK [2][-]{subsection.16.63}{\376\377\000f\000e\000f\000f\000.\000o\000p\000c\000o\000n\000s}{section.16}% 158
\BOOKMARK [2][-]{subsection.16.64}{\376\377\000f\000e\000f\000f\000.\000o\000v\000e\000r\000l\000a\000p}{section.16}% 159
\BOOKMARK [2][-]{subsection.16.65}{\376\377\000f\000e\000f\000f\000.\000p\000c\000r\000i\000t\000e\000r\000i\000a}{section.16}% 160
\BOOKMARK [2][-]{subsection.16.66}{\376\377\000f\000e\000f\000f\000.\000p\000m\000b\000s\000e}{section.16}% 161
\BOOKMARK [2][-]{subsection.16.67}{\376\377\000f\000e\000f\000f\000.\000p\000o\000l\000a\000r\000i\000z\000a\000t\000i\000o\000n}{section.16}% 162
\BOOKMARK [2][-]{subsection.16.68}{\376\377\000f\000e\000f\000f\000.\000p\000o\000t\000e\000n\000t\000i\000a\000l\000s}{section.16}% 163
\BOOKMARK [2][-]{subsection.16.69}{\376\377\000f\000e\000f\000f\000.\000p\000o\000t\000e\000n\000t\000i\000a\000l\000s\000.\000s\000p\000i\000n}{section.16}% 164
\BOOKMARK [2][-]{subsection.16.70}{\376\377\000f\000e\000f\000f\000.\000p\000r\000e\000p\000s}{section.16}% 165
\BOOKMARK [2][-]{subsection.16.71}{\376\377\000f\000e\000f\000f\000.\000p\000r\000i\000n\000t}{section.16}% 166
\BOOKMARK [2][-]{subsection.16.72}{\376\377\000f\000e\000f\000f\000.\000r\000c\000o\000n\000v}{section.16}% 167
\BOOKMARK [2][-]{subsection.16.73}{\376\377\000f\000e\000f\000f\000.\000r\000e\000a\000l}{section.16}% 168
\BOOKMARK [2][-]{subsection.16.74}{\376\377\000f\000e\000f\000f\000.\000r\000e\000c\000i\000p\000r\000o\000c\000a\000l}{section.16}% 169
\BOOKMARK [2][-]{subsection.16.75}{\376\377\000f\000e\000f\000f\000.\000r\000e\000s\000t\000a\000r\000t}{section.16}% 170
\BOOKMARK [2][-]{subsection.16.76}{\376\377\000f\000e\000f\000f\000.\000r\000g\000r\000i\000d}{section.16}% 171
\BOOKMARK [2][-]{subsection.16.77}{\376\377\000f\000e\000f\000f\000.\000r\000h\000o\000z\000z\000p}{section.16}% 172
\BOOKMARK [2][-]{subsection.16.78}{\376\377\000f\000e\000f\000f\000.\000r\000i\000x\000s}{section.16}% 173
\BOOKMARK [2][-]{subsection.16.79}{\376\377\000f\000e\000f\000f\000.\000r\000l\000p\000r\000i\000n\000t}{section.16}% 174
\BOOKMARK [2][-]{subsection.16.80}{\376\377\000f\000e\000f\000f\000.\000r\000m\000u\000l\000t\000i\000p\000l\000i\000e\000r}{section.16}% 175
\BOOKMARK [2][-]{subsection.16.81}{\376\377\000f\000e\000f\000f\000.\000r\000p\000a\000t\000h}{section.16}% 176
\BOOKMARK [2][-]{subsection.16.82}{\376\377\000f\000e\000f\000f\000.\000r\000p\000h\000a\000s\000e\000s}{section.16}% 177
\BOOKMARK [2][-]{subsection.16.83}{\376\377\000f\000e\000f\000f\000.\000r\000s\000i\000g\000m\000a}{section.16}% 178
\BOOKMARK [2][-]{subsection.16.84}{\376\377\000f\000e\000f\000f\000.\000s\0000\0002}{section.16}% 179
\BOOKMARK [2][-]{subsection.16.85}{\376\377\000f\000e\000f\000f\000.\000s\000c\000f}{section.16}% 180
\BOOKMARK [2][-]{subsection.16.86}{\376\377\000f\000e\000f\000f\000.\000s\000c\000f\000r\000a\000m\000p}{section.16}% 181
\BOOKMARK [2][-]{subsection.16.87}{\376\377\000f\000e\000f\000f\000.\000s\000c\000r\000e\000e\000n}{section.16}% 182
\BOOKMARK [2][-]{subsection.16.88}{\376\377\000f\000e\000f\000f\000.\000s\000c\000x\000c}{section.16}% 183
\BOOKMARK [2][-]{subsection.16.89}{\376\377\000f\000e\000f\000f\000.\000s\000e\000l\000f}{section.16}% 184
\BOOKMARK [2][-]{subsection.16.90}{\376\377\000f\000e\000f\000f\000.\000s\000e\000t\000e\000d\000g\000e}{section.16}% 185
\BOOKMARK [2][-]{subsection.16.91}{\376\377\000f\000e\000f\000f\000.\000s\000f\000c\000o\000n\000v}{section.16}% 186
\BOOKMARK [2][-]{subsection.16.92}{\376\377\000f\000e\000f\000f\000.\000s\000f\000s\000e}{section.16}% 187
\BOOKMARK [2][-]{subsection.16.93}{\376\377\000f\000e\000f\000f\000.\000s\000g\000r\000o\000u\000p}{section.16}% 188
\BOOKMARK [2][-]{subsection.16.94}{\376\377\000f\000e\000f\000f\000.\000s\000i\000g\0002}{section.16}% 189
\BOOKMARK [2][-]{subsection.16.95}{\376\377\000f\000e\000f\000f\000.\000s\000i\000g\0003}{section.16}% 190
\BOOKMARK [2][-]{subsection.16.96}{\376\377\000f\000e\000f\000f\000.\000s\000i\000g\000g\000k}{section.16}% 191
\BOOKMARK [2][-]{subsection.16.97}{\376\377\000f\000e\000f\000f\000.\000s\000p\000i\000n}{section.16}% 192
\BOOKMARK [2][-]{subsection.16.98}{\376\377\000f\000e\000f\000f\000.\000s\000s}{section.16}% 193
\BOOKMARK [2][-]{subsection.16.99}{\376\377\000f\000e\000f\000f\000.\000s\000t\000r\000f\000a\000c}{section.16}% 194
\BOOKMARK [2][-]{subsection.16.100}{\376\377\000f\000e\000f\000f\000.\000s\000y\000m\000m\000e\000t\000r\000y}{section.16}% 195
\BOOKMARK [2][-]{subsection.16.101}{\376\377\000f\000e\000f\000f\000.\000t\000a\000r\000g\000e\000t}{section.16}% 196
\BOOKMARK [2][-]{subsection.16.102}{\376\377\000f\000e\000f\000f\000.\000t\000d\000l\000d\000a}{section.16}% 197
\BOOKMARK [2][-]{subsection.16.103}{\376\377\000f\000e\000f\000f\000.\000t\000e\000m\000p\000e\000r\000a\000t\000u\000r\000e}{section.16}% 198
\BOOKMARK [2][-]{subsection.16.104}{\376\377\000f\000e\000f\000f\000.\000t\000i\000t\000l\000e}{section.16}% 199
\BOOKMARK [2][-]{subsection.16.105}{\376\377\000f\000e\000f\000f\000.\000t\000o\000l\000s\000c\000f}{section.16}% 200
\BOOKMARK [2][-]{subsection.16.106}{\376\377\000f\000e\000f\000f\000.\000u\000n\000f\000r\000e\000e\000z\000e\000f}{section.16}% 201
\BOOKMARK [2][-]{subsection.16.107}{\376\377\000f\000e\000f\000f\000.\000x\000a\000n\000e\000s}{section.16}% 202
\BOOKMARK [2][-]{subsection.16.108}{\376\377\000f\000e\000f\000f\000.\000x\000e\000s}{section.16}% 203
\BOOKMARK [2][-]{subsection.16.109}{\376\377\000f\000e\000f\000f\000.\000x\000m\000c\000d}{section.16}% 204
\BOOKMARK [2][-]{subsection.16.110}{\376\377\000n\000u\000c\000t\000e\000m\000p}{section.16}% 205
\BOOKMARK [2][-]{subsection.16.111}{\376\377\000o\000p\000c\000o\000n\000s\000.\000d\000r\000u\000d\000e}{section.16}% 206
\BOOKMARK [2][-]{subsection.16.112}{\376\377\000o\000p\000c\000o\000n\000s\000.\000u\000s\000e\000s\000a\000v\000e\000d}{section.16}% 207
\BOOKMARK [2][-]{subsection.16.113}{\376\377\000r\000u\000n\000\137\000d\000m\000d\000w}{section.16}% 208
\BOOKMARK [1][-]{section.17}{\376\377\000O\000R\000C\000A}{}% 209
\BOOKMARK [2][-]{subsection.17.1}{\376\377\000o\000r\000c\000a\000.\000b\000a\000s\000i\000s\000.\000b\000a\000s\000i\000s}{section.17}% 210
\BOOKMARK [2][-]{subsection.17.2}{\376\377\000o\000r\000c\000a\000.\000b\000a\000s\000i\000s\000.\000d\000e\000c\000o\000n\000t\000r\000a\000c\000t}{section.17}% 211
\BOOKMARK [2][-]{subsection.17.3}{\376\377\000o\000r\000c\000a\000.\000c\000i}{section.17}% 212
\BOOKMARK [2][-]{subsection.17.4}{\376\377\000o\000r\000c\000a\000.\000c\000i\000t\000y\000p\000e}{section.17}% 213
\BOOKMARK [2][-]{subsection.17.5}{\376\377\000o\000r\000c\000a\000.\000c\000o\000o\000r\000d\000s\000.\000u\000n\000i\000t\000s}{section.17}% 214
\BOOKMARK [2][-]{subsection.17.6}{\376\377\000o\000r\000c\000a\000.\000c\000p\000c\000m}{section.17}% 215
\BOOKMARK [2][-]{subsection.17.7}{\376\377\000o\000r\000c\000a\000.\000e\000x\000p\000e\000r\000t}{section.17}% 216
\BOOKMARK [2][-]{subsection.17.8}{\376\377\000o\000r\000c\000a\000.\000g\000e\000o\000m\000.\000o\000p\000t\000i\000m\000i\000z\000a\000t\000i\000o\000n\000q\000u\000a\000l\000i\000t\000y}{section.17}% 217
\BOOKMARK [2][-]{subsection.17.9}{\376\377\000o\000r\000c\000a\000.\000m\000e\000t\000h\000o\000d\000.\000a\000l\000l\000o\000w\000r\000h\000f}{section.17}% 218
\BOOKMARK [2][-]{subsection.17.10}{\376\377\000o\000r\000c\000a\000.\000m\000e\000t\000h\000o\000d\000.\000a\000m\000a\000s\000s}{section.17}% 219
\BOOKMARK [2][-]{subsection.17.11}{\376\377\000o\000r\000c\000a\000.\000m\000e\000t\000h\000o\000d\000.\000f\000r\000o\000z\000e\000n\000c\000o\000r\000e}{section.17}% 220
\BOOKMARK [2][-]{subsection.17.12}{\376\377\000o\000r\000c\000a\000.\000m\000e\000t\000h\000o\000d\000.\000g\000r\000i\000d}{section.17}% 221
\BOOKMARK [2][-]{subsection.17.13}{\376\377\000o\000r\000c\000a\000.\000m\000e\000t\000h\000o\000d\000.\000g\000r\000i\000d\000x}{section.17}% 222
\BOOKMARK [2][-]{subsection.17.14}{\376\377\000o\000r\000c\000a\000.\000m\000e\000t\000h\000o\000d\000.\000m\000e\000t\000h\000o\000d}{section.17}% 223
\BOOKMARK [2][-]{subsection.17.15}{\376\377\000o\000r\000c\000a\000.\000m\000e\000t\000h\000o\000d\000.\000r\000i}{section.17}% 224
\BOOKMARK [2][-]{subsection.17.16}{\376\377\000o\000r\000c\000a\000.\000m\000e\000t\000h\000o\000d\000.\000r\000u\000n\000t\000y\000p\000e}{section.17}% 225
\BOOKMARK [2][-]{subsection.17.17}{\376\377\000o\000r\000c\000a\000.\000m\000e\000t\000h\000o\000d\000.\000u\000s\000e\000s\000y\000m\000m}{section.17}% 226
\BOOKMARK [2][-]{subsection.17.18}{\376\377\000o\000r\000c\000a\000.\000m\000p\0002}{section.17}% 227
\BOOKMARK [2][-]{subsection.17.19}{\376\377\000o\000r\000c\000a\000.\000m\000p\0002\000t\000y\000p\000e}{section.17}% 228
\BOOKMARK [2][-]{subsection.17.20}{\376\377\000o\000r\000c\000a\000.\000o\000u\000t\000p\000u\000t\000.\000p\000d\000b\000f\000i\000l\000e}{section.17}% 229
\BOOKMARK [2][-]{subsection.17.21}{\376\377\000o\000r\000c\000a\000.\000o\000u\000t\000p\000u\000t\000.\000p\000r\000i\000n\000t}{section.17}% 230
\BOOKMARK [2][-]{subsection.17.22}{\376\377\000o\000r\000c\000a\000.\000o\000u\000t\000p\000u\000t\000.\000p\000r\000i\000n\000t\000l\000e\000v\000e\000l}{section.17}% 231
\BOOKMARK [2][-]{subsection.17.23}{\376\377\000o\000r\000c\000a\000.\000o\000u\000t\000p\000u\000t\000.\000x\000y\000z\000f\000i\000l\000e}{section.17}% 232
\BOOKMARK [2][-]{subsection.17.24}{\376\377\000o\000r\000c\000a\000.\000r\000e\000l\000.\000m\000e\000t\000h\000o\000d}{section.17}% 233
\BOOKMARK [2][-]{subsection.17.25}{\376\377\000o\000r\000c\000a\000.\000r\000e\000l\000.\000s\000o\000c\000t\000y\000p\000e}{section.17}% 234
\BOOKMARK [2][-]{subsection.17.26}{\376\377\000o\000r\000c\000a\000.\000s\000c\000f\000.\000a\000u\000t\000o\000s\000t\000a\000r\000t}{section.17}% 235
\BOOKMARK [2][-]{subsection.17.27}{\376\377\000o\000r\000c\000a\000.\000s\000c\000f\000.\000c\000n\000v\000d\000a\000m\000p}{section.17}% 236
\BOOKMARK [2][-]{subsection.17.28}{\376\377\000o\000r\000c\000a\000.\000s\000c\000f\000.\000c\000n\000v\000s\000h\000i\000f\000t}{section.17}% 237
\BOOKMARK [2][-]{subsection.17.29}{\376\377\000o\000r\000c\000a\000.\000s\000c\000f\000.\000c\000o\000n\000v\000e\000r\000g\000e\000n\000c\000e}{section.17}% 238
\BOOKMARK [2][-]{subsection.17.30}{\376\377\000o\000r\000c\000a\000.\000s\000c\000f\000.\000c\000o\000n\000v\000e\000r\000g\000e\000n\000c\000e\000s\000t\000r\000a\000t\000e\000g\000y}{section.17}% 239
\BOOKMARK [2][-]{subsection.17.31}{\376\377\000o\000r\000c\000a\000.\000s\000c\000f\000.\000d\000i\000i\000s}{section.17}% 240
\BOOKMARK [2][-]{subsection.17.32}{\376\377\000o\000r\000c\000a\000.\000s\000c\000f\000.\000f\000r\000a\000c\000o\000c\000c}{section.17}% 241
\BOOKMARK [2][-]{subsection.17.33}{\376\377\000o\000r\000c\000a\000.\000s\000c\000f\000.\000g\000u\000e\000s\000s}{section.17}% 242
\BOOKMARK [2][-]{subsection.17.34}{\376\377\000o\000r\000c\000a\000.\000s\000c\000f\000.\000h\000f\000t\000y\000p}{section.17}% 243
\BOOKMARK [2][-]{subsection.17.35}{\376\377\000o\000r\000c\000a\000.\000s\000c\000f\000.\000j\000m\000a\000t\000r\000i\000x}{section.17}% 244
\BOOKMARK [2][-]{subsection.17.36}{\376\377\000o\000r\000c\000a\000.\000s\000c\000f\000.\000k\000d\000i\000i\000s}{section.17}% 245
\BOOKMARK [2][-]{subsection.17.37}{\376\377\000o\000r\000c\000a\000.\000s\000c\000f\000.\000k\000e\000e\000p\000d\000e\000n\000s}{section.17}% 246
\BOOKMARK [2][-]{subsection.17.38}{\376\377\000o\000r\000c\000a\000.\000s\000c\000f\000.\000k\000e\000e\000p\000i\000n\000t\000s}{section.17}% 247
\BOOKMARK [2][-]{subsection.17.39}{\376\377\000o\000r\000c\000a\000.\000s\000c\000f\000.\000k\000m\000a\000t\000r\000i\000x}{section.17}% 248
\BOOKMARK [2][-]{subsection.17.40}{\376\377\000o\000r\000c\000a\000.\000s\000c\000f\000.\000m\000a\000x\000i\000t\000e\000r}{section.17}% 249
\BOOKMARK [2][-]{subsection.17.41}{\376\377\000o\000r\000c\000a\000.\000s\000c\000f\000.\000n\000r}{section.17}% 250
\BOOKMARK [2][-]{subsection.17.42}{\376\377\000o\000r\000c\000a\000.\000s\000c\000f\000.\000r\000e\000a\000d\000i\000n\000t\000s}{section.17}% 251
\BOOKMARK [2][-]{subsection.17.43}{\376\377\000o\000r\000c\000a\000.\000s\000c\000f\000.\000s\000c\000f\000m\000o\000d\000e}{section.17}% 252
\BOOKMARK [2][-]{subsection.17.44}{\376\377\000o\000r\000c\000a\000.\000s\000c\000f\000.\000s\000m\000e\000a\000r\000t\000e\000m\000p}{section.17}% 253
\BOOKMARK [2][-]{subsection.17.45}{\376\377\000o\000r\000c\000a\000.\000s\000c\000f\000.\000s\000o\000s\000c\000f}{section.17}% 254
\BOOKMARK [2][-]{subsection.17.46}{\376\377\000o\000r\000c\000a\000.\000s\000c\000f\000.\000u\000n\000o}{section.17}% 255
\BOOKMARK [2][-]{subsection.17.47}{\376\377\000o\000r\000c\000a\000.\000s\000c\000f\000.\000u\000s\000e\000c\000h\000e\000a\000p\000i\000n\000t\000s}{section.17}% 256
\BOOKMARK [2][-]{subsection.17.48}{\376\377\000o\000r\000c\000a\000.\000s\000c\000f\000.\000v\000a\000l\000f\000o\000r\000m\000a\000t}{section.17}% 257
\BOOKMARK [2][-]{subsection.17.49}{\376\377\000o\000r\000c\000a\000.\000t\000o\000l\000e}{section.17}% 258
\BOOKMARK [2][-]{subsection.17.50}{\376\377\000o\000r\000c\000a\000.\000t\000o\000l\000m\000a\000x\000g}{section.17}% 259
\BOOKMARK [2][-]{subsection.17.51}{\376\377\000o\000r\000c\000a\000.\000t\000o\000l\000r\000m\000a\000x\000d}{section.17}% 260
\BOOKMARK [2][-]{subsection.17.52}{\376\377\000o\000r\000c\000a\000.\000t\000o\000l\000r\000m\000s\000d}{section.17}% 261
\BOOKMARK [2][-]{subsection.17.53}{\376\377\000o\000r\000c\000a\000.\000t\000o\000l\000r\000m\000s\000g}{section.17}% 262
\BOOKMARK [1][-]{section.18}{\376\377\000S\000I\000E\000S\000T\000A}{}% 263
\BOOKMARK [2][-]{subsection.18.1}{\376\377\000p\000h\000s\000f\000.\000b\000r\000o\000a\000d\000e\000n\000i\000n\000g}{section.18}% 264
\BOOKMARK [2][-]{subsection.18.2}{\376\377\000p\000h\000s\000f\000.\000e\000k\000e\000q\000p}{section.18}% 265
\BOOKMARK [2][-]{subsection.18.3}{\376\377\000p\000h\000s\000f\000.\000n\000u\000m\000t\000i\000m\000e\000p\000o\000i\000n\000t\000s}{section.18}% 266
\BOOKMARK [2][-]{subsection.18.4}{\376\377\000s\000i\000e\000s\000t\000a\000.\000A\000t\000o\000m\000i\000c\000C\000o\000o\000r\000d\000i\000n\000a\000t\000e\000s\000F\000o\000r\000m\000a\000t}{section.18}% 267
\BOOKMARK [2][-]{subsection.18.5}{\376\377\000s\000i\000e\000s\000t\000a\000.\000B\000e\000t\000a\000.\000B\000r\000o\000a\000d\000e\000n\000i\000n\000g}{section.18}% 268
\BOOKMARK [2][-]{subsection.18.6}{\376\377\000s\000i\000e\000s\000t\000a\000.\000B\000l\000o\000c\000k\000.\000A\000t\000o\000m\000i\000c\000C\000o\000o\000r\000d\000i\000n\000a\000t\000e\000s\000A\000n\000d\000A\000t\000o\000m\000i\000c\000S\000p\000e\000c\000i\000e\000s}{section.18}% 269
\BOOKMARK [2][-]{subsection.18.7}{\376\377\000s\000i\000e\000s\000t\000a\000.\000B\000l\000o\000c\000k\000.\000C\000h\000e\000m\000i\000c\000a\000l\000S\000p\000e\000c\000i\000e\000s\000L\000a\000b\000e\000l}{section.18}% 270
\BOOKMARK [2][-]{subsection.18.8}{\376\377\000s\000i\000e\000s\000t\000a\000.\000B\000l\000o\000c\000k\000.\000L\000a\000t\000t\000i\000c\000e\000P\000a\000r\000a\000m\000e\000t\000e\000r\000s}{section.18}% 271
\BOOKMARK [2][-]{subsection.18.9}{\376\377\000s\000i\000e\000s\000t\000a\000.\000B\000l\000o\000c\000k\000.\000P\000A\000O\000.\000B\000a\000s\000i\000s}{section.18}% 272
\BOOKMARK [2][-]{subsection.18.10}{\376\377\000s\000i\000e\000s\000t\000a\000.\000C\000o\000r\000e\000r\000e\000s\000p\000o\000n\000s\000e\000.\000B\000r\000o\000a\000d\000e\000n\000i\000n\000g}{section.18}% 273
\BOOKMARK [2][-]{subsection.18.11}{\376\377\000s\000i\000e\000s\000t\000a\000.\000D\000i\000a\000g\000.\000D\000i\000v\000i\000d\000e\000A\000n\000d\000C\000o\000n\000q\000u\000e\000r}{section.18}% 274
\BOOKMARK [2][-]{subsection.18.12}{\376\377\000s\000i\000e\000s\000t\000a\000.\000D\000M\000.\000I\000n\000i\000t\000S\000p\000i\000n\000.\000A\000F}{section.18}% 275
\BOOKMARK [2][-]{subsection.18.13}{\376\377\000s\000i\000e\000s\000t\000a\000.\000D\000M\000.\000M\000i\000x\000i\000n\000g\000W\000e\000i\000g\000h\000t}{section.18}% 276
\BOOKMARK [2][-]{subsection.18.14}{\376\377\000s\000i\000e\000s\000t\000a\000.\000D\000M\000.\000N\000u\000m\000b\000e\000r\000B\000r\000o\000y\000d\000e\000n}{section.18}% 277
\BOOKMARK [2][-]{subsection.18.15}{\376\377\000s\000i\000e\000s\000t\000a\000.\000D\000M\000.\000N\000u\000m\000b\000e\000r\000B\000r\000o\000y\000d\000e\000n}{section.18}% 278
\BOOKMARK [2][-]{subsection.18.16}{\376\377\000s\000i\000e\000s\000t\000a\000.\000D\000M\000.\000N\000u\000m\000b\000e\000r\000P\000u\000l\000a\000y}{section.18}% 279
\BOOKMARK [2][-]{subsection.18.17}{\376\377\000s\000i\000e\000s\000t\000a\000.\000D\000M\000.\000T\000o\000l\000e\000r\000a\000n\000c\000e}{section.18}% 280
\BOOKMARK [2][-]{subsection.18.18}{\376\377\000s\000i\000e\000s\000t\000a\000.\000E\000l\000e\000c\000t\000r\000o\000n\000i\000c\000T\000e\000m\000p\000e\000r\000a\000t\000u\000r\000e}{section.18}% 281
\BOOKMARK [2][-]{subsection.18.19}{\376\377\000s\000i\000e\000s\000t\000a\000.\000e\000x\000p\000e\000r\000t}{section.18}% 282
\BOOKMARK [2][-]{subsection.18.20}{\376\377\000s\000i\000e\000s\000t\000a\000.\000L\000a\000t\000t\000i\000c\000e\000C\000o\000n\000s\000t\000a\000n\000t}{section.18}% 283
\BOOKMARK [2][-]{subsection.18.21}{\376\377\000s\000i\000e\000s\000t\000a\000.\000L\000o\000n\000g\000O\000u\000t\000p\000u\000t}{section.18}% 284
\BOOKMARK [2][-]{subsection.18.22}{\376\377\000s\000i\000e\000s\000t\000a\000.\000M\000a\000x\000S\000C\000F\000I\000t\000e\000r\000a\000t\000i\000o\000n\000s}{section.18}% 285
\BOOKMARK [2][-]{subsection.18.23}{\376\377\000s\000i\000e\000s\000t\000a\000.\000M\000e\000s\000h\000C\000u\000t\000o\000f\000f}{section.18}% 286
\BOOKMARK [2][-]{subsection.18.24}{\376\377\000s\000i\000e\000s\000t\000a\000.\000N\000u\000m\000b\000e\000r\000O\000f\000A\000t\000o\000m\000s}{section.18}% 287
\BOOKMARK [2][-]{subsection.18.25}{\376\377\000s\000i\000e\000s\000t\000a\000.\000N\000u\000m\000b\000e\000r\000O\000f\000S\000p\000e\000c\000i\000e\000s}{section.18}% 288
\BOOKMARK [2][-]{subsection.18.26}{\376\377\000s\000i\000e\000s\000t\000a\000.\000P\000A\000O\000.\000B\000a\000s\000i\000s\000S\000i\000z\000e}{section.18}% 289
\BOOKMARK [2][-]{subsection.18.27}{\376\377\000s\000i\000e\000s\000t\000a\000.\000P\000A\000O\000.\000B\000a\000s\000i\000s\000T\000y\000p\000e}{section.18}% 290
\BOOKMARK [2][-]{subsection.18.28}{\376\377\000s\000i\000e\000s\000t\000a\000.\000S\000o\000l\000u\000t\000i\000o\000n\000M\000e\000t\000h\000o\000d}{section.18}% 291
\BOOKMARK [2][-]{subsection.18.29}{\376\377\000s\000i\000e\000s\000t\000a\000.\000S\000p\000i\000n\000P\000o\000l\000a\000r\000i\000z\000e\000d}{section.18}% 292
\BOOKMARK [2][-]{subsection.18.30}{\376\377\000s\000i\000e\000s\000t\000a\000.\000T\000D\000.\000C\000o\000r\000e\000E\000x\000c\000i\000t\000e\000d\000A\000t\000o\000m}{section.18}% 293
\BOOKMARK [2][-]{subsection.18.31}{\376\377\000s\000i\000e\000s\000t\000a\000.\000T\000D\000.\000C\000o\000r\000e\000P\000e\000r\000t\000u\000r\000b\000a\000t\000i\000o\000n\000C\000h\000a\000r\000g\000e}{section.18}% 294
\BOOKMARK [2][-]{subsection.18.32}{\376\377\000s\000i\000e\000s\000t\000a\000.\000T\000D\000.\000m\000x\000P\000C}{section.18}% 295
\BOOKMARK [2][-]{subsection.18.33}{\376\377\000s\000i\000e\000s\000t\000a\000.\000T\000D\000.\000N\000u\000m\000b\000e\000r\000O\000f\000T\000i\000m\000e\000S\000t\000e\000p\000s}{section.18}% 296
\BOOKMARK [2][-]{subsection.18.34}{\376\377\000s\000i\000e\000s\000t\000a\000.\000T\000D\000.\000S\000h\000a\000p\000e\000O\000f\000E\000f\000i\000e\000l\000d}{section.18}% 297
\BOOKMARK [2][-]{subsection.18.35}{\376\377\000s\000i\000e\000s\000t\000a\000.\000T\000D\000.\000T\000i\000m\000e\000S\000t\000e\000p}{section.18}% 298
\BOOKMARK [2][-]{subsection.18.36}{\376\377\000s\000i\000e\000s\000t\000a\000.\000U\000s\000e\000S\000a\000v\000e\000D\000a\000t\000a}{section.18}% 299
\BOOKMARK [2][-]{subsection.18.37}{\376\377\000s\000i\000e\000s\000t\000a\000.\000X\000C\000.\000a\000u\000t\000h\000o\000r\000s}{section.18}% 300
\BOOKMARK [2][-]{subsection.18.38}{\376\377\000s\000i\000e\000s\000t\000a\000.\000X\000C\000.\000f\000u\000n\000c\000t\000i\000o\000n\000a\000l}{section.18}% 301
\BOOKMARK [1][-]{section.19}{\376\377\000c\000i\000f\0002\000c\000e\000l\000l}{}% 302
\BOOKMARK [2][-]{subsection.19.1}{\376\377\000c\000i\000f\0002\000c\000e\000l\000l\000.\000a\000t\000o\000m\000i\000c\000u\000n\000i\000t\000s}{section.19}% 303
\BOOKMARK [2][-]{subsection.19.2}{\376\377\000c\000i\000f\0002\000c\000e\000l\000l\000.\000c\000a\000r\000t\000e\000s\000i\000a\000n}{section.19}% 304
\BOOKMARK [2][-]{subsection.19.3}{\376\377\000c\000i\000f\0002\000c\000e\000l\000l\000.\000c\000i\000f\000\137\000i\000n\000p\000u\000t}{section.19}% 305
\BOOKMARK [2][-]{subsection.19.4}{\376\377\000c\000i\000f\0002\000c\000e\000l\000l\000.\000o\000u\000t\000f\000i\000l\000e}{section.19}% 306
\BOOKMARK [2][-]{subsection.19.5}{\376\377\000c\000i\000f\0002\000c\000e\000l\000l\000.\000p\000r\000o\000g\000r\000a\000m}{section.19}% 307
\BOOKMARK [2][-]{subsection.19.6}{\376\377\000c\000i\000f\0002\000c\000e\000l\000l\000.\000s\000u\000p\000e\000r\000c\000e\000l\000l}{section.19}% 308
\BOOKMARK [1][-]{section.20}{\376\377\000L\000o\000o\000p\000\040\000W\000o\000r\000k\000f\000l\000o\000w\000s}{}% 309
\BOOKMARK [2][-]{subsection.20.1}{\376\377\000l\000o\000o\000p\000\137\000l\000a\000b\000e\000l\000s}{section.20}% 310
\BOOKMARK [2][-]{subsection.20.2}{\376\377\000l\000o\000o\000p\000\137\000p\000a\000r\000a\000m\000e\000t\000e\000r}{section.20}% 311
\BOOKMARK [2][-]{subsection.20.3}{\376\377\000l\000o\000o\000p\000\137\000t\000a\000r\000g\000e\000t}{section.20}% 312
\BOOKMARK [1][-]{section.21}{\376\377\000C\000o\000n\000f\000i\000g\000u\000r\000a\000t\000i\000o\000n\000a\000l\000\040\000A\000v\000e\000r\000a\000g\000i\000n\000g}{}% 313
\BOOKMARK [2][-]{subsection.21.1}{\376\377\000c\000f\000a\000v\000g\000\137\000c\000h\000o\000o\000s\000e\000\137\000r\000a\000n\000d\000o\000m\000\137\000a\000b\000s\000o\000r\000b\000e\000r\000s}{section.21}% 314
\BOOKMARK [2][-]{subsection.21.2}{\376\377\000c\000f\000a\000v\000g\000\137\000e\000g\000r\000i\000d}{section.21}% 315
\BOOKMARK [2][-]{subsection.21.3}{\376\377\000c\000f\000a\000v\000g\000\137\000m\000a\000x\000\137\000c\000o\000n\000f\000i\000g\000u\000r\000a\000t\000i\000o\000n\000s}{section.21}% 316
\BOOKMARK [2][-]{subsection.21.4}{\376\377\000c\000f\000a\000v\000g\000\137\000m\000a\000x\000\137\000c\000o\000n\000f\000i\000g\000u\000r\000a\000t\000i\000o\000n\000s}{section.21}% 317
\BOOKMARK [2][-]{subsection.21.5}{\376\377\000c\000f\000a\000v\000g\000\137\000t\000a\000r\000g\000e\000t}{section.21}% 318
\BOOKMARK [1][-]{section.22}{\376\377\000F\000i\000t\000t\000i\000n\000g}{}% 319
\BOOKMARK [2][-]{subsection.22.1}{\376\377\000f\000i\000t\000.\000b\000o\000n\000d}{section.22}% 320
\BOOKMARK [2][-]{subsection.22.2}{\376\377\000f\000i\000t\000.\000d\000a\000t\000a\000f\000i\000l\000e}{section.22}% 321
\BOOKMARK [2][-]{subsection.22.3}{\376\377\000f\000i\000t\000.\000p\000a\000r\000a\000m\000e\000t\000e\000r\000s}{section.22}% 322
\BOOKMARK [2][-]{subsection.22.4}{\376\377\000f\000i\000t\000.\000t\000a\000r\000g\000e\000t}{section.22}% 323
\BOOKMARK [1][-]{section.23}{\376\377\000O\000C\000E\000A\000N}{}% 324
\BOOKMARK [2][-]{subsection.23.1}{\376\377\000o\000c\000e\000a\000n\000.\000a\000b\000p\000a\000d}{section.23}% 325
\BOOKMARK [2][-]{subsection.23.2}{\376\377\000o\000c\000e\000a\000n\000.\000a\000c\000e\000l\000l}{section.23}% 326
\BOOKMARK [2][-]{subsection.23.3}{\376\377\000o\000c\000e\000a\000n\000.\000c\000n\000b\000s\000e\000.\000b\000r\000o\000a\000d\000e\000n}{section.23}% 327
\BOOKMARK [2][-]{subsection.23.4}{\376\377\000o\000c\000e\000a\000n\000.\000c\000n\000b\000s\000e\000.\000g\000m\000r\000e\000s\000.\000e\000l\000i\000s\000t}{section.23}% 328
\BOOKMARK [2][-]{subsection.23.5}{\376\377\000o\000c\000e\000a\000n\000.\000c\000n\000b\000s\000e\000.\000g\000m\000r\000e\000s\000.\000e\000r\000a\000n\000g\000e}{section.23}% 329
\BOOKMARK [2][-]{subsection.23.6}{\376\377\000o\000c\000e\000a\000n\000.\000c\000n\000b\000s\000e\000.\000g\000m\000r\000e\000s\000.\000f\000f\000f\000f}{section.23}% 330
\BOOKMARK [2][-]{subsection.23.7}{\376\377\000o\000c\000e\000a\000n\000.\000c\000n\000b\000s\000e\000.\000g\000m\000r\000e\000s\000.\000g\000p\000r\000c}{section.23}% 331
\BOOKMARK [2][-]{subsection.23.8}{\376\377\000o\000c\000e\000a\000n\000.\000c\000n\000b\000s\000e\000.\000g\000m\000r\000e\000s\000.\000n\000l\000o\000o\000p}{section.23}% 332
\BOOKMARK [2][-]{subsection.23.9}{\376\377\000o\000c\000e\000a\000n\000.\000c\000n\000b\000s\000e\000.\000m\000o\000d\000e}{section.23}% 333
\BOOKMARK [2][-]{subsection.23.10}{\376\377\000o\000c\000e\000a\000n\000.\000c\000n\000b\000s\000e\000.\000n\000i\000t\000e\000r}{section.23}% 334
\BOOKMARK [2][-]{subsection.23.11}{\376\377\000o\000c\000e\000a\000n\000.\000c\000n\000b\000s\000e\000.\000r\000a\000d}{section.23}% 335
\BOOKMARK [2][-]{subsection.23.12}{\376\377\000o\000c\000e\000a\000n\000.\000c\000n\000b\000s\000e\000.\000s\000o\000l\000v\000e\000r}{section.23}% 336
\BOOKMARK [2][-]{subsection.23.13}{\376\377\000o\000c\000e\000a\000n\000.\000c\000n\000b\000s\000e\000.\000s\000p\000e\000c\000t\000\137\000r\000a\000n\000g\000e}{section.23}% 337
\BOOKMARK [2][-]{subsection.23.14}{\376\377\000o\000c\000e\000a\000n\000.\000c\000n\000b\000s\000e\000.\000s\000t\000r\000e\000n\000g\000t\000h}{section.23}% 338
\BOOKMARK [2][-]{subsection.23.15}{\376\377\000o\000c\000e\000a\000n\000.\000c\000n\000b\000s\000e\000.\000x\000m\000e\000s\000h}{section.23}% 339
\BOOKMARK [2][-]{subsection.23.16}{\376\377\000o\000c\000e\000a\000n\000.\000c\000o\000r\000e\000\137\000o\000f\000f\000s\000e\000t}{section.23}% 340
\BOOKMARK [2][-]{subsection.23.17}{\376\377\000o\000c\000e\000a\000n\000.\000d\000e\000g\000a\000u\000s\000s}{section.23}% 341
\BOOKMARK [2][-]{subsection.23.18}{\376\377\000o\000c\000e\000a\000n\000.\000d\000f\000t}{section.23}% 342
\BOOKMARK [2][-]{subsection.23.19}{\376\377\000o\000c\000e\000a\000n\000.\000d\000f\000t\000\137\000e\000n\000e\000r\000g\000y\000\137\000r\000a\000n\000g\000e}{section.23}% 343
\BOOKMARK [2][-]{subsection.23.20}{\376\377\000o\000c\000e\000a\000n\000.\000d\000i\000e\000m\000a\000c}{section.23}% 344
\BOOKMARK [2][-]{subsection.23.21}{\376\377\000o\000c\000e\000a\000n\000.\000e\000c\000u\000t}{section.23}% 345
\BOOKMARK [2][-]{subsection.23.22}{\376\377\000o\000c\000e\000a\000n\000.\000e\000d\000g\000e\000s}{section.23}% 346
\BOOKMARK [2][-]{subsection.23.23}{\376\377\000o\000c\000e\000a\000n\000.\000f\000b\000a\000n\000d}{section.23}% 347
\BOOKMARK [2][-]{subsection.23.24}{\376\377\000o\000c\000e\000a\000n\000.\000k\0000}{section.23}% 348
\BOOKMARK [2][-]{subsection.23.25}{\376\377\000o\000c\000e\000a\000n\000.\000l\000d\000a\000u}{section.23}% 349
\BOOKMARK [2][-]{subsection.23.26}{\376\377\000o\000c\000e\000a\000n\000.\000m\000e\000t\000a\000l}{section.23}% 350
\BOOKMARK [2][-]{subsection.23.27}{\376\377\000o\000c\000e\000a\000n\000.\000n\000a\000t\000o\000m}{section.23}% 351
\BOOKMARK [2][-]{subsection.23.28}{\376\377\000o\000c\000e\000a\000n\000.\000n\000b\000a\000n\000d\000s}{section.23}% 352
\BOOKMARK [2][-]{subsection.23.29}{\376\377\000o\000c\000e\000a\000n\000.\000n\000g\000k\000p\000t}{section.23}% 353
\BOOKMARK [2][-]{subsection.23.30}{\376\377\000o\000c\000e\000a\000n\000.\000n\000k\000p\000t}{section.23}% 354
\BOOKMARK [2][-]{subsection.23.31}{\376\377\000o\000c\000e\000a\000n\000.\000n\000s\000p\000i\000n}{section.23}% 355
\BOOKMARK [2][-]{subsection.23.32}{\376\377\000o\000c\000e\000a\000n\000.\000n\000s\000t\000e\000p}{section.23}% 356
\BOOKMARK [2][-]{subsection.23.33}{\376\377\000o\000c\000e\000a\000n\000.\000n\000t\000y\000p\000a\000t}{section.23}% 357
\BOOKMARK [2][-]{subsection.23.34}{\376\377\000o\000c\000e\000a\000n\000.\000o\000c\000c\000o\000p\000t}{section.23}% 358
\BOOKMARK [2][-]{subsection.23.35}{\376\377\000o\000c\000e\000a\000n\000.\000o\000p\000f\000.\000f\000i\000l\000l}{section.23}% 359
\BOOKMARK [2][-]{subsection.23.36}{\376\377\000o\000c\000e\000a\000n\000.\000o\000p\000f\000.\000h\000f\000k\000g\000r\000i\000d}{section.23}% 360
\BOOKMARK [2][-]{subsection.23.37}{\376\377\000o\000c\000e\000a\000n\000.\000o\000p\000f\000.\000o\000p\000t\000s}{section.23}% 361
\BOOKMARK [2][-]{subsection.23.38}{\376\377\000o\000c\000e\000a\000n\000.\000o\000p\000f\000.\000p\000r\000o\000g\000r\000a\000m}{section.23}% 362
\BOOKMARK [2][-]{subsection.23.39}{\376\377\000o\000c\000e\000a\000n\000.\000p\000a\000r\000a\000\137\000p\000r\000e\000f\000i\000x}{section.23}% 363
\BOOKMARK [2][-]{subsection.23.40}{\376\377\000o\000c\000e\000a\000n\000.\000p\000h\000o\000t\000o\000n\000.\000e\000n\000e\000r\000g\000y}{section.23}% 364
\BOOKMARK [2][-]{subsection.23.41}{\376\377\000o\000c\000e\000a\000n\000.\000p\000h\000o\000t\000o\000n\000.\000o\000p\000e\000r\000a\000t\000o\000r}{section.23}% 365
\BOOKMARK [2][-]{subsection.23.42}{\376\377\000o\000c\000e\000a\000n\000.\000p\000h\000o\000t\000o\000n\000.\000p\000o\000l\000a\000r\000i\000z\000a\000t\000i\000o\000n}{section.23}% 366
\BOOKMARK [2][-]{subsection.23.43}{\376\377\000o\000c\000e\000a\000n\000.\000p\000h\000o\000t\000o\000n\000.\000q\000h\000a\000t}{section.23}% 367
\BOOKMARK [2][-]{subsection.23.44}{\376\377\000o\000c\000e\000a\000n\000.\000p\000h\000o\000t\000o\000n\000\137\000q}{section.23}% 368
\BOOKMARK [2][-]{subsection.23.45}{\376\377\000o\000c\000e\000a\000n\000.\000p\000p\000\137\000l\000i\000s\000t}{section.23}% 369
\BOOKMARK [2][-]{subsection.23.46}{\376\377\000o\000c\000e\000a\000n\000.\000r\000p\000r\000i\000m}{section.23}% 370
\BOOKMARK [2][-]{subsection.23.47}{\376\377\000o\000c\000e\000a\000n\000.\000s\000c\000f\000a\000c}{section.23}% 371
\BOOKMARK [2][-]{subsection.23.48}{\376\377\000o\000c\000e\000a\000n\000.\000s\000c\000r\000a\000t\000c\000h}{section.23}% 372
\BOOKMARK [2][-]{subsection.23.49}{\376\377\000o\000c\000e\000a\000n\000.\000s\000c\000r\000e\000e\000n\000.\000n\000b\000a\000n\000d\000s}{section.23}% 373
\BOOKMARK [2][-]{subsection.23.50}{\376\377\000o\000c\000e\000a\000n\000.\000s\000c\000r\000e\000e\000n\000.\000n\000k\000p\000t}{section.23}% 374
\BOOKMARK [2][-]{subsection.23.51}{\376\377\000o\000c\000e\000a\000n\000.\000s\000c\000r\000e\000e\000n\000.\000s\000h\000e\000l\000l\000s}{section.23}% 375
\BOOKMARK [2][-]{subsection.23.52}{\376\377\000o\000c\000e\000a\000n\000.\000s\000c\000r\000e\000e\000n\000\137\000e\000n\000e\000r\000g\000y\000\137\000r\000a\000n\000g\000e}{section.23}% 376
\BOOKMARK [2][-]{subsection.23.53}{\376\377\000o\000c\000e\000a\000n\000.\000s\000e\000r\000\137\000p\000r\000e\000f\000i\000x}{section.23}% 377
\BOOKMARK [2][-]{subsection.23.54}{\376\377\000o\000c\000e\000a\000n\000.\000s\000m\000a\000g}{section.23}% 378
\BOOKMARK [2][-]{subsection.23.55}{\376\377\000o\000c\000e\000a\000n\000.\000s\000m\000a\000g\000.\000i\000x\000c}{section.23}% 379
\BOOKMARK [2][-]{subsection.23.56}{\376\377\000o\000c\000e\000a\000n\000.\000s\000p\000i\000n\000-\000o\000r\000b\000i\000t}{section.23}% 380
\BOOKMARK [2][-]{subsection.23.57}{\376\377\000o\000c\000e\000a\000n\000.\000t\000o\000l\000d\000f\000e}{section.23}% 381
\BOOKMARK [2][-]{subsection.23.58}{\376\377\000o\000c\000e\000a\000n\000.\000t\000o\000l\000w\000f\000r}{section.23}% 382
\BOOKMARK [2][-]{subsection.23.59}{\376\377\000o\000c\000e\000a\000n\000.\000t\000y\000p\000a\000t}{section.23}% 383
\BOOKMARK [2][-]{subsection.23.60}{\376\377\000o\000c\000e\000a\000n\000.\000x\000r\000e\000d}{section.23}% 384
\BOOKMARK [2][-]{subsection.23.61}{\376\377\000o\000c\000e\000a\000n\000.\000z\000n\000u\000c\000l}{section.23}% 385
\BOOKMARK [2][-]{subsection.23.62}{\376\377\000o\000c\000e\000a\000n\000.\000z\000y\000m\000b}{section.23}% 386
\BOOKMARK [1][-]{section.24}{\376\377\000M\000i\000s\000c\000e\000l\000l\000a\000n\000e\000o\000u\000s}{}% 387
\BOOKMARK [2][-]{subsection.24.1}{\376\377\000e\000n\000e\000\137\000i\000n\000t}{section.24}% 388
\BOOKMARK [2][-]{subsection.24.2}{\376\377\000m\000a\000c\000\137\000d\000i\000e\000l\000\137\000c\000o\000n\000s\000t}{section.24}% 389
\BOOKMARK [2][-]{subsection.24.3}{\376\377\000m\000a\000g\000m\000o\000m\000\137\000b\000y\000\137\000l\000a\000b\000e\000l}{section.24}% 390
\BOOKMARK [2][-]{subsection.24.4}{\376\377\000m\000p\000\137\000a\000p\000i\000k\000e\000y}{section.24}% 391
\BOOKMARK [2][-]{subsection.24.5}{\376\377\000m\000p\000\137\000i\000d}{section.24}% 392
\BOOKMARK [2][-]{subsection.24.6}{\376\377\000s\000p\000e\000c\000t\000r\000a\000l\000F\000u\000n\000c\000t\000i\000o\000n\000\137\000f\000i\000l\000e}{section.24}% 393
\BOOKMARK [2][-]{subsection.24.7}{\376\377\000x\000a\000n\000e\000s\000\137\000f\000i\000l\000e}{section.24}% 394
