7.707680765855199752e+03 3.099291700946920664e-06
7.709248955255199689e+03 5.538890757955779122e-06
7.710667793255200195e+03 6.513373051856077506e-06
7.711937279955200211e+03 7.781138927607176290e-06
7.713057415255199885e+03 9.494094846222947984e-06
7.714028199255199979e+03 1.192110427527047926e-05
7.714849631755199880e+03 1.555053202283940365e-05
7.715521712955200201e+03 2.121227410674022130e-05
7.716044442755200180e+03 2.976158815612050190e-05
7.716357466455199756e+03 3.807832956276760287e-05
7.716716523955199591e+03 5.232612274602759596e-05
7.717075581455200336e+03 6.790881029496842599e-05
7.717434638955200171e+03 7.997040612030463058e-05
7.717793696455200006e+03 8.695630377820971215e-05
7.718152753955199842e+03 9.065755220657249736e-05
7.718228706655199858e+03 9.117837452508156164e-05
7.718583416155200212e+03 9.334302218396117430e-05
7.718975463455200043e+03 9.559106173720104485e-05
7.719404848655200112e+03 9.829143149054438318e-05
7.719871571755200421e+03 1.015972622096674544e-04
7.720375632615199720e+03 1.055104600137956759e-04
7.720917031345199575e+03 1.099965234974354864e-04
7.721495767915200304e+03 1.150448245105950036e-04
7.722111842335199981e+03 1.207222309773415831e-04
7.722765254595199622e+03 1.271993666208870639e-04
7.723456004705200030e+03 1.347869408897816072e-04
7.724184092645199598e+03 1.439498795154393602e-04
7.724949518445199828e+03 1.553154890001812215e-04
7.725752282075200128e+03 1.696634720760153417e-04
7.726592383555200286e+03 1.878047193409989506e-04
7.727469822875200407e+03 2.103139053578368268e-04
7.728384600045200386e+03 2.370454235534767337e-04
7.729336715051200372e+03 2.665200026070779272e-04
7.730326167904199792e+03 2.956998718235381287e-04
7.731352958605200001e+03 3.206906263004940996e-04
7.732417087135199836e+03 3.383524551454382000e-04
7.733518553525200332e+03 3.476857896653618297e-04
7.734657357745199988e+03 3.498396245857485817e-04
7.735833499825200306e+03 3.470823626197412767e-04
7.737046979735199784e+03 3.416760177059946155e-04
7.738297797495200030e+03 3.352545010425355852e-04
7.739585953095200239e+03 3.285644891649077380e-04
7.740911446555200200e+03 3.219485246139758110e-04
7.742274277855200125e+03 3.159769687237065422e-04
7.743674446955200438e+03 3.124293936999710886e-04
7.745111953955200079e+03 3.104130807073176711e-04
7.746586798755200107e+03 3.078848269070294172e-04
7.748098981455200374e+03 3.044000570167892114e-04
7.749648501955200118e+03 2.996311546753723551e-04
7.751235360255200249e+03 2.939347834680388532e-04
7.752859556455199709e+03 2.874215608133463351e-04
7.754521090455199555e+03 2.805921133598916501e-04
7.756219962355199641e+03 2.739857749041188723e-04
7.757956172055200113e+03 2.682621905377834278e-04
7.759729719655199915e+03 2.642235406259578001e-04
7.761540605055200103e+03 2.623455545026243552e-04
7.763388828355199621e+03 2.625530310089391282e-04
7.765274389455200435e+03 2.647704872680025322e-04
7.767197288355199817e+03 2.684426255613940561e-04
7.769157525155200346e+03 2.730982969028648627e-04
7.771155099755200354e+03 2.783396362143943786e-04
7.773190012255199690e+03 2.837589044166531171e-04
7.775262262555200323e+03 2.889004965932800355e-04
7.777371850755200285e+03 2.935918220815832017e-04
7.779518776755199724e+03 2.977582860631898098e-04
7.781703040555199550e+03 3.011069914930171237e-04
7.783924642255199615e+03 3.037283854979692293e-04
7.786183581755200066e+03 3.057256676063172516e-04
7.788479859155199847e+03 3.071758793763436877e-04
7.790813474355200015e+03 3.080377814903853626e-04
7.793184427455200421e+03 3.083351899407360671e-04
7.795592718355200304e+03 3.081672411487028731e-04
7.798038347055199665e+03 3.075561838161495923e-04
7.800521313655200174e+03 3.063897860987641096e-04
7.803041618155200013e+03 3.048183638307815774e-04
7.805599260355200386e+03 3.028631310272930774e-04
7.808194240555199940e+03 3.005211912630328551e-04
7.810826558455200029e+03 2.977512923799997303e-04
7.813496214255200357e+03 2.945137302776173398e-04
7.816203207955200014e+03 2.909560388512848032e-04
7.818947539455200058e+03 2.872669381270388854e-04
7.821729208755199579e+03 2.836694205344228881e-04
7.824548215955200249e+03 2.804503882929348197e-04
7.827404560955200395e+03 2.778527545128165735e-04
7.830298243655200167e+03 2.760047815876530463e-04
7.833229264655199586e+03 2.749608814565756816e-04
7.836197622655199666e+03 2.746305935324605844e-04
7.839203319655200175e+03 2.750114034902628214e-04
